/home/andersoney/algoritmotcc

Criando cenário
argumentos: 4
Startando definicoes basicas.
Raio: 18.1659
Number exp: 1
Number Robot: 220
automatic_220_1.world
Startando stage
Stage 4.3.0 [GUI disabled]
 [Loading worlds/automatic_220_1.world][Include map.inc][Include sick.inc][Include pioneer.inc]./testar.sh: line 31: 2319758 Segmentation fault      (core dumped) stage $GUI worlds/automatic_${num_robot}_${exp}.world
/home/andersoney/algoritmotcc

Criando cenário
argumentos: 4
Startando definicoes basicas.
Raio: 18.1659
Number exp: 1
Number Robot: 220
automatic_220_1.world
Startando stage
Stage 4.3.0 [GUI disabled]
 [Loading worlds/automatic_220_1.world][Include map.inc][Include sick.inc][Include pioneer.inc]Terminated
/home/andersoney/algoritmotcc

Criando cenário
argumentos: 4
Startando definicoes basicas.
Raio: 18.1659
Number exp: 1
Number Robot: 220
automatic_220_1.world
Startando stage
Stage 4.3.0 [GUI disabled]
 [Loading worlds/automatic_220_1.world][Include map.inc][Include sick.inc][Include pioneer.inc]
