/home/andersoney/algoritmotcc

Criando cenário
automatic_20_37.world
Stage 4.3.0 [GUI disabled]
 [Loading worlds/automatic_20_37.world][Include map.inc][Include sick.inc][Include pioneer.inc]
Destroyed robot18!
Destroyed robot8!
Destroyed robot1!
Destroyed robot2!
Destroyed robot13!
Destroyed robot12!
Destroyed robot16!
Destroyed robot4!
Destroyed robot5!
Destroyed robot11!
Destroyed robot7!
Destroyed robot6!
Destroyed robot3!
Destroyed robot17!
Destroyed robot19!
Destroyed robot15!
Destroyed robot9!
Destroyed robot14!
Destroyed robot0!
