/home/andersoney/algoritmotcc

Criando cenário
automatic_20_3.world
Stage 4.3.0 [GUI disabled]
 [Loading worlds/automatic_20_3.world][Include map.inc][Include sick.inc][Include pioneer.inc]
Destroyed robot12!
Destroyed robot7!
Destroyed robot5!
Destroyed robot11!
Destroyed robot4!
Destroyed robot14!
Destroyed robot1!
Destroyed robot0!
Destroyed robot17!
Destroyed robot19!
Destroyed robot18!
Destroyed robot13!
Destroyed robot16!
Destroyed robot3!
Destroyed robot6!
Destroyed robot8!
Destroyed robot9!
Destroyed robot15!
Destroyed robot2!
