/home/andersoney/algoritmotcc

Criando cenário
automatic_20_8.world
Stage 4.3.0 [GUI disabled]
 [Loading worlds/automatic_20_8.world][Include map.inc][Include sick.inc][Include pioneer.inc]
Destroyed robot12!
Destroyed robot11!
Destroyed robot8!
Destroyed robot13!
Destroyed robot1!
Destroyed robot14!
Destroyed robot15!
Destroyed robot10!
Destroyed robot9!
Destroyed robot4!
Destroyed robot19!
Destroyed robot17!
Destroyed robot18!
Destroyed robot16!
Destroyed robot5!
Destroyed robot7!
Destroyed robot6!
Destroyed robot2!
Destroyed robot3!
