/home/andersoney/algoritmotcc

Criando cenário
automatic_20_17.world
Stage 4.3.0 [GUI disabled]
 [Loading worlds/automatic_20_17.world][41merr[0m: unable to open world file worlds/automatic_20_17.world : No such file or directory (/home/yuri.passos/Stage-master/libstage/worldfile.cc Load)
[41merr[0m:  Failed to open file worlds/automatic_20_17.world (/home/yuri.passos/Stage-master/libstage/world.cc Load)
/home/andersoney/algoritmotcc

Criando cenário
automatic_20_17.world
Stage 4.3.0 [GUI disabled]
 [Loading worlds/automatic_20_17.world][Include map.inc][Include sick.inc][Include pioneer.inc]
Destroyed robot12!
Destroyed robot8!
Destroyed robot14!
Destroyed robot17!
Destroyed robot0!
Destroyed robot19!
Destroyed robot16!
Destroyed robot15!
Destroyed robot7!
Destroyed robot9!
Destroyed robot6!
Destroyed robot10!
Destroyed robot2!
Destroyed robot3!
Destroyed robot1!
Destroyed robot4!
Destroyed robot13!
Destroyed robot11!
Destroyed robot5!
