nohup: ignoring input
make: Nothing to be done for 'run'.
******* testar.sh 160 saidas/nRobots160/log_33 ********


*** determinar crescimento de RS em relacao 160 robos ****


Experimento numero 34


******* testar.sh 160 saidas/nRobots160/log_34 ********


*** determinar crescimento de RS em relacao 160 robos ****


Experimento numero 35


******* testar.sh 160 saidas/nRobots160/log_35 ********
analise.sh: line 22: ./testar.sh: Permission denied


*** determinar crescimento de RS em relacao 160 robos ****


Experimento numero 36


******* testar.sh 160 saidas/nRobots160/log_36 ********
analise.sh: line 22: ./testar.sh: Permission denied


*** determinar crescimento de RS em relacao 160 robos ****


Experimento numero 37


******* testar.sh 160 saidas/nRobots160/log_37 ********


*** determinar crescimento de RS em relacao 160 robos ****


Experimento numero 38


analise.sh: line 22: ./testar.sh: Permission denied
******* testar.sh 160 saidas/nRobots160/log_38 ********
analise.sh: line 22: ./testar.sh: Permission denied


*** determinar crescimento de RS em relacao 160 robos ****


Experimento numero 39


analise.sh: line 22: ./testar.sh: Permission denied
******* testar.sh 160 saidas/nRobots160/log_39 ********
analise.sh: line 22: ./testar.sh: Permission denied


*** determinar crescimento de RS em relacao 160 robos ****


Experimento numero 40


analise.sh: line 22: ./testar.sh: Permission denied
******* testar.sh 180 saidas/nRobots180/log_22 ********


*** determinar crescimento de RS em relacao 180 robos ****


Experimento numero 23


******* testar.sh 180 saidas/nRobots180/log_23 ********


*** determinar crescimento de RS em relacao 180 robos ****


Experimento numero 24


******* testar.sh 180 saidas/nRobots180/log_24 ********
analise.sh: line 22: ./testar.sh: Permission denied


*** determinar crescimento de RS em relacao 180 robos ****


analise.sh: line 22: ./testar.sh: Permission denied
Experimento numero 25


******* testar.sh 180 saidas/nRobots180/log_25 ********


*** determinar crescimento de RS em relacao 180 robos ****


Experimento numero 26


******* testar.sh 180 saidas/nRobots180/log_26 ********


*** determinar crescimento de RS em relacao 180 robos ****


Experimento numero 27


******* testar.sh 180 saidas/nRobots180/log_27 ********
analise.sh: line 22: ./testar.sh: Permission denied
analise.sh: line 22: ./testar.sh: Permission denied


*** determinar crescimento de RS em relacao 180 robos ****


Experimento numero 28


******* testar.sh 180 saidas/nRobots180/log_28 ********
analise.sh: line 22: ./testar.sh: Permission denied


*** determinar crescimento de RS em relacao 180 robos ****


Experimento numero 29


******* testar.sh 180 saidas/nRobots180/log_29 ********


*** determinar crescimento de RS em relacao 180 robos ****


Experimento numero 30


******* testar.sh 180 saidas/nRobots180/log_30 ********
analise.sh: line 22: ./testar.sh: Permission denied
analise.sh: line 22: ./testar.sh: Permission denied


*** determinar crescimento de RS em relacao 180 robos ****


Experimento numero 31


analise.sh: line 22: ./testar.sh: Permission denied
******* testar.sh 180 saidas/nRobots180/log_31 ********


*** determinar crescimento de RS em relacao 180 robos ****


Experimento numero 32


******* testar.sh 180 saidas/nRobots180/log_32 ********


*** determinar crescimento de RS em relacao 180 robos ****


Experimento numero 33


analise.sh: line 22: ./testar.sh: Permission denied
******* testar.sh 180 saidas/nRobots180/log_33 ********
analise.sh: line 22: ./testar.sh: Permission denied


*** determinar crescimento de RS em relacao 180 robos ****


Experimento numero 34


analise.sh: line 22: ./testar.sh: Permission denied
******* testar.sh 180 saidas/nRobots180/log_34 ********


*** determinar crescimento de RS em relacao 180 robos ****


Experimento numero 35


******* testar.sh 180 saidas/nRobots180/log_35 ********
analise.sh: line 22: ./testar.sh: Permission denied


*** determinar crescimento de RS em relacao 180 robos ****


Experimento numero 36


analise.sh: line 22: ./testar.sh: Permission denied
******* testar.sh 180 saidas/nRobots180/log_36 ********


*** determinar crescimento de RS em relacao 180 robos ****


Experimento numero 37


analise.sh: line 22: ./testar.sh: Permission denied
******* testar.sh 180 saidas/nRobots180/log_37 ********


*** determinar crescimento de RS em relacao 180 robos ****


Experimento numero 38


******* testar.sh 180 saidas/nRobots180/log_38 ********
analise.sh: line 22: ./testar.sh: Permission denied


*** determinar crescimento de RS em relacao 180 robos ****


Experimento numero 39


******* testar.sh 180 saidas/nRobots180/log_39 ********
analise.sh: line 22: ./testar.sh: Permission denied


*** determinar crescimento de RS em relacao 180 robos ****


Experimento numero 40


analise.sh: line 22: ./testar.sh: Permission denied
analise.sh: line 22: ./testar.sh: Permission denied
******* testar.sh 220 saidas/nRobots220/log_8 ********


*** determinar crescimento de RS em relacao 220 robos ****


Experimento numero 9


******* testar.sh 220 saidas/nRobots220/log_9 ********


*** determinar crescimento de RS em relacao 220 robos ****


Experimento numero 10


analise.sh: line 22: ./testar.sh: Permission denied
******* testar.sh 220 saidas/nRobots220/log_10 ********


*** determinar crescimento de RS em relacao 220 robos ****


Experimento numero 11


analise.sh: line 22: ./testar.sh: Permission denied
******* testar.sh 220 saidas/nRobots220/log_11 ********


*** determinar crescimento de RS em relacao 220 robos ****


Experimento numero 12


******* testar.sh 220 saidas/nRobots220/log_12 ********
analise.sh: line 22: ./testar.sh: Permission denied


*** determinar crescimento de RS em relacao 220 robos ****


Experimento numero 13


analise.sh: line 22: ./testar.sh: Permission denied
******* testar.sh 220 saidas/nRobots220/log_13 ********


*** determinar crescimento de RS em relacao 220 robos ****
analise.sh: line 22: ./testar.sh: Permission denied


Experimento numero 14


******* testar.sh 220 saidas/nRobots220/log_14 ********


*** determinar crescimento de RS em relacao 220 robos ****


Experimento numero 15


analise.sh: line 22: ./testar.sh: Permission denied
******* testar.sh 220 saidas/nRobots220/log_15 ********


*** determinar crescimento de RS em relacao 220 robos ****


Experimento numero 16


analise.sh: line 22: ./testar.sh: Permission denied
******* testar.sh 220 saidas/nRobots220/log_16 ********


*** determinar crescimento de RS em relacao 220 robos ****


Experimento numero 17


analise.sh: line 22: ./testar.sh: Permission denied
******* testar.sh 220 saidas/nRobots220/log_17 ********


*** determinar crescimento de RS em relacao 220 robos ****


Experimento numero 18


******* testar.sh 220 saidas/nRobots220/log_18 ********
analise.sh: line 22: ./testar.sh: Permission denied


*** determinar crescimento de RS em relacao 220 robos ****


Experimento numero 19


analise.sh: line 22: ./testar.sh: Permission denied
******* testar.sh 220 saidas/nRobots220/log_19 ********


*** determinar crescimento de RS em relacao 220 robos ****


Experimento numero 20


analise.sh: line 22: ./testar.sh: Permission denied
******* testar.sh 220 saidas/nRobots220/log_20 ********


*** determinar crescimento de RS em relacao 220 robos ****


Experimento numero 21


******* testar.sh 220 saidas/nRobots220/log_21 ********
analise.sh: line 22: ./testar.sh: Permission denied


*** determinar crescimento de RS em relacao 220 robos ****


Experimento numero 22


analise.sh: line 22: ./testar.sh: Permission denied
******* testar.sh 220 saidas/nRobots220/log_22 ********


*** determinar crescimento de RS em relacao 220 robos ****


Experimento numero 23


analise.sh: line 22: ./testar.sh: Permission denied
******* testar.sh 220 saidas/nRobots220/log_23 ********


*** determinar crescimento de RS em relacao 220 robos ****


Experimento numero 24


******* testar.sh 220 saidas/nRobots220/log_24 ********
analise.sh: line 22: ./testar.sh: Permission denied


*** determinar crescimento de RS em relacao 220 robos ****


Experimento numero 25


analise.sh: line 22: ./testar.sh: Permission denied
******* testar.sh 220 saidas/nRobots220/log_25 ********


*** determinar crescimento de RS em relacao 220 robos ****


Experimento numero 26

analise.sh: line 22: ./testar.sh: Permission denied

******* testar.sh 220 saidas/nRobots220/log_26 ********


*** determinar crescimento de RS em relacao 220 robos ****


Experimento numero 27


******* testar.sh 220 saidas/nRobots220/log_27 ********
analise.sh: line 22: ./testar.sh: Permission denied


*** determinar crescimento de RS em relacao 220 robos ****


Experimento numero 28


******* testar.sh 220 saidas/nRobots220/log_28 ********
analise.sh: line 22: ./testar.sh: Permission denied


*** determinar crescimento de RS em relacao 220 robos ****


Experimento numero 29


analise.sh: line 22: ./testar.sh: Permission denied
******* testar.sh 220 saidas/nRobots220/log_29 ********


*** determinar crescimento de RS em relacao 220 robos ****


Experimento numero 30


******* testar.sh 220 saidas/nRobots220/log_30 ********
analise.sh: line 22: ./testar.sh: Permission denied


*** determinar crescimento de RS em relacao 220 robos ****


Experimento numero 31


analise.sh: line 22: ./testar.sh: Permission denied
******* testar.sh 220 saidas/nRobots220/log_31 ********


*** determinar crescimento de RS em relacao 220 robos ****


Experimento numero 32


analise.sh: line 22: ./testar.sh: Permission denied
******* testar.sh 220 saidas/nRobots220/log_32 ********


*** determinar crescimento de RS em relacao 220 robos ****


Experimento numero 33


******* testar.sh 220 saidas/nRobots220/log_33 ********
analise.sh: line 22: ./testar.sh: Permission denied


*** determinar crescimento de RS em relacao 220 robos ****


Experimento numero 34


analise.sh: line 22: ./testar.sh: Permission denied
******* testar.sh 220 saidas/nRobots220/log_34 ********


*** determinar crescimento de RS em relacao 220 robos ****


Experimento numero 35


analise.sh: line 22: ./testar.sh: Permission denied
******* testar.sh 220 saidas/nRobots220/log_35 ********


*** determinar crescimento de RS em relacao 220 robos ****


Experimento numero 36


analise.sh: line 22: ./testar.sh: Permission denied
******* testar.sh 220 saidas/nRobots220/log_36 ********


*** determinar crescimento de RS em relacao 220 robos ****


Experimento numero 37


analise.sh: line 22: ./testar.sh: Permission denied
******* testar.sh 220 saidas/nRobots220/log_37 ********


*** determinar crescimento de RS em relacao 220 robos ****


Experimento numero 38


analise.sh: line 22: ./testar.sh: Permission denied
******* testar.sh 220 saidas/nRobots220/log_38 ********


*** determinar crescimento de RS em relacao 220 robos ****


Experimento numero 39


analise.sh: line 22: ./testar.sh: Permission denied
******* testar.sh 220 saidas/nRobots220/log_39 ********


*** determinar crescimento de RS em relacao 220 robos ****


Experimento numero 40


analise.sh: line 22: ./testar.sh: Permission denied
analise.sh: line 22: ./testar.sh: Permission denied
******* testar.sh 240 saidas/nRobots240/log_2 ********


*** determinar crescimento de RS em relacao 240 robos ****


Experimento numero 3


******* testar.sh 240 saidas/nRobots240/log_3 ********


*** determinar crescimento de RS em relacao 240 robos ****


Experimento numero 4


analise.sh: line 22: ./testar.sh: Permission denied
******* testar.sh 240 saidas/nRobots240/log_4 ********


*** determinar crescimento de RS em relacao 240 robos ****


Experimento numero 5


analise.sh: line 22: ./testar.sh: Permission denied
******* testar.sh 240 saidas/nRobots240/log_5 ********


*** determinar crescimento de RS em relacao 240 robos ****


Experimento numero 6


analise.sh: line 22: ./testar.sh: Permission denied
******* testar.sh 240 saidas/nRobots240/log_6 ********


*** determinar crescimento de RS em relacao 240 robos ****


Experimento numero 7


analise.sh: line 22: ./testar.sh: Permission denied
******* testar.sh 240 saidas/nRobots240/log_7 ********


*** determinar crescimento de RS em relacao 240 robos ****


Experimento numero 8


analise.sh: line 22: ./testar.sh: Permission denied
******* testar.sh 240 saidas/nRobots240/log_8 ********


*** determinar crescimento de RS em relacao 240 robos ****


Experimento numero 9


analise.sh: line 22: ./testar.sh: Permission denied
******* testar.sh 240 saidas/nRobots240/log_9 ********


*** determinar crescimento de RS em relacao 240 robos ****


Experimento numero 10


analise.sh: line 22: ./testar.sh: Permission denied
******* testar.sh 240 saidas/nRobots240/log_10 ********


*** determinar crescimento de RS em relacao 240 robos ****


analise.sh: line 22: ./testar.sh: Permission denied
Experimento numero 11


******* testar.sh 240 saidas/nRobots240/log_11 ********


*** determinar crescimento de RS em relacao 240 robos ****


Experimento numero 12


analise.sh: line 22: ./testar.sh: Permission denied
******* testar.sh 240 saidas/nRobots240/log_12 ********


*** determinar crescimento de RS em relacao 240 robos ****
analise.sh: line 22: ./testar.sh: Permission denied


Experimento numero 13


******* testar.sh 240 saidas/nRobots240/log_13 ********


*** determinar crescimento de RS em relacao 240 robos ****


analise.sh: line 22: ./testar.sh: Permission denied
Experimento numero 14


******* testar.sh 240 saidas/nRobots240/log_14 ********


*** determinar crescimento de RS em relacao 240 robos ****

analise.sh: line 22: ./testar.sh: Permission denied

Experimento numero 15


******* testar.sh 240 saidas/nRobots240/log_15 ********


*** determinar crescimento de RS em relacao 240 robos ****


Experimento numero 16


analise.sh: line 22: ./testar.sh: Permission denied
******* testar.sh 240 saidas/nRobots240/log_16 ********


*** determinar crescimento de RS em relacao 240 robos ****


Experimento numero 17


analise.sh: line 22: ./testar.sh: Permission denied
******* testar.sh 240 saidas/nRobots240/log_17 ********


*** determinar crescimento de RS em relacao 240 robos ****


analise.sh: line 22: ./testar.sh: Permission denied
Experimento numero 18


******* testar.sh 240 saidas/nRobots240/log_18 ********


*** determinar crescimento de RS em relacao 240 robos ****


Experimento numero 19


******* testar.sh 240 saidas/nRobots240/log_19 ********
analise.sh: line 22: ./testar.sh: Permission denied


*** determinar crescimento de RS em relacao 240 robos ****


Experimento numero 20


analise.sh: line 22: ./testar.sh: Permission denied
******* testar.sh 240 saidas/nRobots240/log_20 ********


*** determinar crescimento de RS em relacao 240 robos ****


Experimento numero 21


analise.sh: line 22: ./testar.sh: Permission denied
******* testar.sh 240 saidas/nRobots240/log_21 ********


*** determinar crescimento de RS em relacao 240 robos ****


Experimento numero 22


******* testar.sh 240 saidas/nRobots240/log_22 ********
analise.sh: line 22: ./testar.sh: Permission denied


*** determinar crescimento de RS em relacao 240 robos ****


Experimento numero 23


******* testar.sh 240 saidas/nRobots240/log_23 ********
analise.sh: line 22: ./testar.sh: Permission denied


*** determinar crescimento de RS em relacao 240 robos ****


Experimento numero 24


analise.sh: line 22: ./testar.sh: Permission denied
******* testar.sh 240 saidas/nRobots240/log_24 ********


*** determinar crescimento de RS em relacao 240 robos ****


Experimento numero 25


******* testar.sh 240 saidas/nRobots240/log_25 ********
analise.sh: line 22: ./testar.sh: Permission denied


*** determinar crescimento de RS em relacao 240 robos ****


Experimento numero 26


analise.sh: line 22: ./testar.sh: Permission denied
******* testar.sh 240 saidas/nRobots240/log_26 ********


*** determinar crescimento de RS em relacao 240 robos ****


Experimento numero 27


analise.sh: line 22: ./testar.sh: Permission denied
******* testar.sh 240 saidas/nRobots240/log_27 ********


*** determinar crescimento de RS em relacao 240 robos ****


Experimento numero 28


******* testar.sh 240 saidas/nRobots240/log_28 ********
analise.sh: line 22: ./testar.sh: Permission denied


*** determinar crescimento de RS em relacao 240 robos ****


Experimento numero 29


analise.sh: line 22: ./testar.sh: Permission denied
******* testar.sh 240 saidas/nRobots240/log_29 ********


*** determinar crescimento de RS em relacao 240 robos ****


analise.sh: line 22: ./testar.sh: Permission denied
Experimento numero 30


******* testar.sh 240 saidas/nRobots240/log_30 ********


*** determinar crescimento de RS em relacao 240 robos ****


Experimento numero 31


******* testar.sh 240 saidas/nRobots240/log_31 ********
analise.sh: line 22: ./testar.sh: Permission denied


*** determinar crescimento de RS em relacao 240 robos ****


Experimento numero 32


analise.sh: line 22: ./testar.sh: Permission denied
******* testar.sh 240 saidas/nRobots240/log_32 ********


*** determinar crescimento de RS em relacao 240 robos ****


analise.sh: line 22: ./testar.sh: Permission denied
Experimento numero 33


******* testar.sh 240 saidas/nRobots240/log_33 ********


*** determinar crescimento de RS em relacao 240 robos ****


Experimento numero 34


******* testar.sh 240 saidas/nRobots240/log_34 ********
analise.sh: line 22: ./testar.sh: Permission denied


*** determinar crescimento de RS em relacao 240 robos ****


Experimento numero 35


analise.sh: line 22: ./testar.sh: Permission denied
******* testar.sh 240 saidas/nRobots240/log_35 ********


*** determinar crescimento de RS em relacao 240 robos ****


Experimento numero 36


analise.sh: line 22: ./testar.sh: Permission denied
******* testar.sh 240 saidas/nRobots240/log_36 ********


*** determinar crescimento de RS em relacao 240 robos ****


Experimento numero 37


******* testar.sh 240 saidas/nRobots240/log_37 ********
analise.sh: line 22: ./testar.sh: Permission denied


*** determinar crescimento de RS em relacao 240 robos ****


Experimento numero 38


******* testar.sh 240 saidas/nRobots240/log_38 ********
analise.sh: line 22: ./testar.sh: Permission denied


*** determinar crescimento de RS em relacao 240 robos ****


Experimento numero 39


analise.sh: line 22: ./testar.sh: Permission denied
******* testar.sh 240 saidas/nRobots240/log_39 ********


*** determinar crescimento de RS em relacao 240 robos ****


Experimento numero 40


analise.sh: line 22: ./testar.sh: Permission denied
analise.sh: line 22: ./testar.sh: Permission denied
******* testar.sh 320 saidas/nRobots320/log_2 ********


*** determinar crescimento de RS em relacao 320 robos ****


Experimento numero 3


******* testar.sh 320 saidas/nRobots320/log_3 ********


*** determinar crescimento de RS em relacao 320 robos ****
analise.sh: line 22: ./testar.sh: Permission denied


Experimento numero 4


******* testar.sh 320 saidas/nRobots320/log_4 ********


analise.sh: line 22: ./testar.sh: Permission denied
*** determinar crescimento de RS em relacao 320 robos ****


Experimento numero 5


******* testar.sh 320 saidas/nRobots320/log_5 ********


*** determinar crescimento de RS em relacao 320 robos ****


Experimento numero 6


******* testar.sh 320 saidas/nRobots320/log_6 ********
analise.sh: line 22: ./testar.sh: Permission denied


*** determinar crescimento de RS em relacao 320 robos ****


Experimento numero 7


analise.sh: line 22: ./testar.sh: Permission denied
******* testar.sh 320 saidas/nRobots320/log_7 ********


*** determinar crescimento de RS em relacao 320 robos ****


Experimento numero 8


analise.sh: line 22: ./testar.sh: Permission denied
******* testar.sh 320 saidas/nRobots320/log_8 ********


*** determinar crescimento de RS em relacao 320 robos ****


Experimento numero 9


******* testar.sh 320 saidas/nRobots320/log_9 ********
analise.sh: line 22: ./testar.sh: Permission denied


*** determinar crescimento de RS em relacao 320 robos ****


Experimento numero 10


analise.sh: line 22: ./testar.sh: Permission denied
******* testar.sh 320 saidas/nRobots320/log_10 ********


*** determinar crescimento de RS em relacao 320 robos ****


Experimento numero 11

analise.sh: line 22: ./testar.sh: Permission denied

******* testar.sh 320 saidas/nRobots320/log_11 ********


*** determinar crescimento de RS em relacao 320 robos ****


Experimento numero 12


******* testar.sh 320 saidas/nRobots320/log_12 ********
analise.sh: line 22: ./testar.sh: Permission denied


*** determinar crescimento de RS em relacao 320 robos ****


Experimento numero 13


******* testar.sh 320 saidas/nRobots320/log_13 ********
analise.sh: line 22: ./testar.sh: Permission denied


*** determinar crescimento de RS em relacao 320 robos ****


Experimento numero 14


analise.sh: line 22: ./testar.sh: Permission denied
******* testar.sh 320 saidas/nRobots320/log_14 ********


*** determinar crescimento de RS em relacao 320 robos ****


Experimento numero 15


******* testar.sh 320 saidas/nRobots320/log_15 ********
analise.sh: line 22: ./testar.sh: Permission denied


*** determinar crescimento de RS em relacao 320 robos ****


Experimento numero 16


analise.sh: line 22: ./testar.sh: Permission denied
******* testar.sh 320 saidas/nRobots320/log_16 ********


*** determinar crescimento de RS em relacao 320 robos ****


Experimento numero 17


analise.sh: line 22: ./testar.sh: Permission denied
******* testar.sh 320 saidas/nRobots320/log_17 ********


*** determinar crescimento de RS em relacao 320 robos ****


Experimento numero 18


******* testar.sh 320 saidas/nRobots320/log_18 ********
analise.sh: line 22: ./testar.sh: Permission denied


*** determinar crescimento de RS em relacao 320 robos ****


Experimento numero 19


analise.sh: line 22: ./testar.sh: Permission denied
******* testar.sh 320 saidas/nRobots320/log_19 ********


*** determinar crescimento de RS em relacao 320 robos ****


Experimento numero 20


analise.sh: line 22: ./testar.sh: Permission denied
******* testar.sh 320 saidas/nRobots320/log_20 ********


*** determinar crescimento de RS em relacao 320 robos ****


Experimento numero 21


******* testar.sh 320 saidas/nRobots320/log_21 ********
analise.sh: line 22: ./testar.sh: Permission denied


*** determinar crescimento de RS em relacao 320 robos ****


Experimento numero 22


analise.sh: line 22: ./testar.sh: Permission denied
******* testar.sh 320 saidas/nRobots320/log_22 ********


*** determinar crescimento de RS em relacao 320 robos ****


Experimento numero 23
analise.sh: line 22: ./testar.sh: Permission denied


******* testar.sh 320 saidas/nRobots320/log_23 ********


*** determinar crescimento de RS em relacao 320 robos ****


Experimento numero 24


******* testar.sh 320 saidas/nRobots320/log_24 ********
analise.sh: line 22: ./testar.sh: Permission denied


*** determinar crescimento de RS em relacao 320 robos ****


Experimento numero 25


analise.sh: line 22: ./testar.sh: Permission denied
******* testar.sh 320 saidas/nRobots320/log_25 ********


*** determinar crescimento de RS em relacao 320 robos ****


Experimento numero 26


analise.sh: line 22: ./testar.sh: Permission denied
******* testar.sh 320 saidas/nRobots320/log_26 ********


*** determinar crescimento de RS em relacao 320 robos ****


Experimento numero 27


******* testar.sh 320 saidas/nRobots320/log_27 ********
analise.sh: line 22: ./testar.sh: Permission denied


*** determinar crescimento de RS em relacao 320 robos ****


Experimento numero 28


analise.sh: line 22: ./testar.sh: Permission denied
******* testar.sh 320 saidas/nRobots320/log_28 ********


*** determinar crescimento de RS em relacao 320 robos ****


Experimento numero 29

analise.sh: line 22: ./testar.sh: Permission denied

******* testar.sh 320 saidas/nRobots320/log_29 ********


*** determinar crescimento de RS em relacao 320 robos ****


Experimento numero 30


******* testar.sh 320 saidas/nRobots320/log_30 ********
analise.sh: line 22: ./testar.sh: Permission denied


*** determinar crescimento de RS em relacao 320 robos ****


Experimento numero 31


analise.sh: line 22: ./testar.sh: Permission denied
******* testar.sh 320 saidas/nRobots320/log_31 ********


*** determinar crescimento de RS em relacao 320 robos ****


Experimento numero 32


analise.sh: line 22: ./testar.sh: Permission denied
******* testar.sh 320 saidas/nRobots320/log_32 ********


*** determinar crescimento de RS em relacao 320 robos ****


Experimento numero 33


******* testar.sh 320 saidas/nRobots320/log_33 ********
analise.sh: line 22: ./testar.sh: Permission denied


*** determinar crescimento de RS em relacao 320 robos ****


analise.sh: line 22: ./testar.sh: Permission denied
Experimento numero 34


******* testar.sh 320 saidas/nRobots320/log_34 ********


*** determinar crescimento de RS em relacao 320 robos ****
analise.sh: line 22: ./testar.sh: Permission denied


Experimento numero 35


******* testar.sh 320 saidas/nRobots320/log_35 ********


*** determinar crescimento de RS em relacao 320 robos ****


Experimento numero 36


analise.sh: line 22: ./testar.sh: Permission denied
******* testar.sh 320 saidas/nRobots320/log_36 ********


*** determinar crescimento de RS em relacao 320 robos ****
analise.sh: line 22: ./testar.sh: Permission denied


Experimento numero 37


******* testar.sh 320 saidas/nRobots320/log_37 ********


*** determinar crescimento de RS em relacao 320 robos ****


analise.sh: line 22: ./testar.sh: Permission denied
Experimento numero 38


******* testar.sh 320 saidas/nRobots320/log_38 ********


*** determinar crescimento de RS em relacao 320 robos ****
analise.sh: line 22: ./testar.sh: Permission denied


Experimento numero 39


******* testar.sh 320 saidas/nRobots320/log_39 ********


*** determinar crescimento de RS em relacao 320 robos ****


Experimento numero 40


analise.sh: line 22: ./testar.sh: Permission denied
analise.sh: line 22: ./testar.sh: Permission denied
******* testar.sh 340 saidas/nRobots340/log_1 ********


*** determinar crescimento de RS em relacao 340 robos ****


Experimento numero 2


******* testar.sh 340 saidas/nRobots340/log_2 ********


*** determinar crescimento de RS em relacao 340 robos ****

analise.sh: line 22: ./testar.sh: Permission denied

Experimento numero 3


******* testar.sh 340 saidas/nRobots340/log_3 ********


*** determinar crescimento de RS em relacao 340 robos ****

analise.sh: line 22: ./testar.sh: Permission denied

Experimento numero 4


******* testar.sh 340 saidas/nRobots340/log_4 ********


*** determinar crescimento de RS em relacao 340 robos ****
analise.sh: line 22: ./testar.sh: Permission denied


Experimento numero 5


******* testar.sh 340 saidas/nRobots340/log_5 ********


*** determinar crescimento de RS em relacao 340 robos ****
analise.sh: line 22: ./testar.sh: Permission denied


Experimento numero 6


******* testar.sh 340 saidas/nRobots340/log_6 ********


*** determinar crescimento de RS em relacao 340 robos ****


Experimento numero 7


******* testar.sh 340 saidas/nRobots340/log_7 ********
analise.sh: line 22: ./testar.sh: Permission denied


*** determinar crescimento de RS em relacao 340 robos ****


Experimento numero 8
analise.sh: line 22: ./testar.sh: Permission denied


******* testar.sh 340 saidas/nRobots340/log_8 ********


*** determinar crescimento de RS em relacao 340 robos ****
analise.sh: line 22: ./testar.sh: Permission denied


Experimento numero 9


******* testar.sh 340 saidas/nRobots340/log_9 ********


*** determinar crescimento de RS em relacao 340 robos ****


Experimento numero 10


******* testar.sh 340 saidas/nRobots340/log_10 ********
analise.sh: line 22: ./testar.sh: Permission denied


*** determinar crescimento de RS em relacao 340 robos ****


Experimento numero 11
analise.sh: line 22: ./testar.sh: Permission denied


******* testar.sh 340 saidas/nRobots340/log_11 ********


*** determinar crescimento de RS em relacao 340 robos ****


Experimento numero 12
analise.sh: line 22: ./testar.sh: Permission denied


******* testar.sh 340 saidas/nRobots340/log_12 ********


*** determinar crescimento de RS em relacao 340 robos ****


Experimento numero 13


******* testar.sh 340 saidas/nRobots340/log_13 ********
analise.sh: line 22: ./testar.sh: Permission denied


*** determinar crescimento de RS em relacao 340 robos ****


Experimento numero 14


analise.sh: line 22: ./testar.sh: Permission denied
******* testar.sh 340 saidas/nRobots340/log_14 ********


analise.sh: line 22: ./testar.sh: Permission denied
*** determinar crescimento de RS em relacao 340 robos ****


Experimento numero 15


******* testar.sh 340 saidas/nRobots340/log_15 ********


*** determinar crescimento de RS em relacao 340 robos ****


Experimento numero 16


******* testar.sh 340 saidas/nRobots340/log_16 ********
analise.sh: line 22: ./testar.sh: Permission denied


*** determinar crescimento de RS em relacao 340 robos ****


Experimento numero 17


analise.sh: line 22: ./testar.sh: Permission denied
******* testar.sh 340 saidas/nRobots340/log_17 ********


*** determinar crescimento de RS em relacao 340 robos ****


Experimento numero 18


analise.sh: line 22: ./testar.sh: Permission denied
******* testar.sh 340 saidas/nRobots340/log_18 ********


*** determinar crescimento de RS em relacao 340 robos ****


Experimento numero 19


******* testar.sh 340 saidas/nRobots340/log_19 ********
analise.sh: line 22: ./testar.sh: Permission denied


*** determinar crescimento de RS em relacao 340 robos ****


Experimento numero 20


analise.sh: line 22: ./testar.sh: Permission denied
******* testar.sh 340 saidas/nRobots340/log_20 ********


*** determinar crescimento de RS em relacao 340 robos ****


Experimento numero 21
analise.sh: line 22: ./testar.sh: Permission denied


******* testar.sh 340 saidas/nRobots340/log_21 ********


*** determinar crescimento de RS em relacao 340 robos ****


Experimento numero 22


******* testar.sh 340 saidas/nRobots340/log_22 ********
analise.sh: line 22: ./testar.sh: Permission denied


*** determinar crescimento de RS em relacao 340 robos ****


Experimento numero 23


analise.sh: line 22: ./testar.sh: Permission denied
******* testar.sh 340 saidas/nRobots340/log_23 ********


*** determinar crescimento de RS em relacao 340 robos ****


Experimento numero 24

analise.sh: line 22: ./testar.sh: Permission denied

******* testar.sh 340 saidas/nRobots340/log_24 ********


*** determinar crescimento de RS em relacao 340 robos ****


Experimento numero 25


******* testar.sh 340 saidas/nRobots340/log_25 ********
analise.sh: line 22: ./testar.sh: Permission denied


*** determinar crescimento de RS em relacao 340 robos ****


Experimento numero 26


analise.sh: line 22: ./testar.sh: Permission denied
******* testar.sh 340 saidas/nRobots340/log_26 ********


*** determinar crescimento de RS em relacao 340 robos ****


Experimento numero 27

analise.sh: line 22: ./testar.sh: Permission denied

******* testar.sh 340 saidas/nRobots340/log_27 ********


*** determinar crescimento de RS em relacao 340 robos ****


Experimento numero 28


******* testar.sh 340 saidas/nRobots340/log_28 ********
analise.sh: line 22: ./testar.sh: Permission denied


*** determinar crescimento de RS em relacao 340 robos ****


Experimento numero 29


analise.sh: line 22: ./testar.sh: Permission denied
******* testar.sh 340 saidas/nRobots340/log_29 ********


*** determinar crescimento de RS em relacao 340 robos ****


Experimento numero 30


analise.sh: line 22: ./testar.sh: Permission denied
******* testar.sh 340 saidas/nRobots340/log_30 ********


*** determinar crescimento de RS em relacao 340 robos ****


Experimento numero 31


******* testar.sh 340 saidas/nRobots340/log_31 ********
analise.sh: line 22: ./testar.sh: Permission denied


*** determinar crescimento de RS em relacao 340 robos ****


Experimento numero 32


analise.sh: line 22: ./testar.sh: Permission denied
******* testar.sh 340 saidas/nRobots340/log_32 ********


*** determinar crescimento de RS em relacao 340 robos ****


Experimento numero 33


analise.sh: line 22: ./testar.sh: Permission denied
******* testar.sh 340 saidas/nRobots340/log_33 ********


*** determinar crescimento de RS em relacao 340 robos ****


Experimento numero 34


******* testar.sh 340 saidas/nRobots340/log_34 ********
analise.sh: line 22: ./testar.sh: Permission denied


*** determinar crescimento de RS em relacao 340 robos ****


Experimento numero 35


analise.sh: line 22: ./testar.sh: Permission denied
******* testar.sh 340 saidas/nRobots340/log_35 ********


*** determinar crescimento de RS em relacao 340 robos ****


Experimento numero 36

analise.sh: line 22: ./testar.sh: Permission denied

******* testar.sh 340 saidas/nRobots340/log_36 ********


*** determinar crescimento de RS em relacao 340 robos ****


Experimento numero 37


analise.sh: line 22: ./testar.sh: Permission denied
******* testar.sh 340 saidas/nRobots340/log_37 ********


*** determinar crescimento de RS em relacao 340 robos ****


analise.sh: line 22: ./testar.sh: Permission denied
Experimento numero 38


******* testar.sh 340 saidas/nRobots340/log_38 ********


*** determinar crescimento de RS em relacao 340 robos ****


Experimento numero 39
analise.sh: line 22: ./testar.sh: Permission denied


******* testar.sh 340 saidas/nRobots340/log_39 ********


*** determinar crescimento de RS em relacao 340 robos ****


Experimento numero 40


analise.sh: line 22: ./testar.sh: Permission denied
analise.sh: line 22: ./testar.sh: Permission denied
******* testar.sh 360 saidas/nRobots360/log_0 ********


*** determinar crescimento de RS em relacao 360 robos ****


Experimento numero 1


******* testar.sh 360 saidas/nRobots360/log_1 ********


*** determinar crescimento de RS em relacao 360 robos ****


analise.sh: line 22: ./testar.sh: Permission denied
Experimento numero 2


******* testar.sh 360 saidas/nRobots360/log_2 ********


*** determinar crescimento de RS em relacao 360 robos ****

analise.sh: line 22: ./testar.sh: Permission denied

Experimento numero 3


******* testar.sh 360 saidas/nRobots360/log_3 ********


*** determinar crescimento de RS em relacao 360 robos ****


Experimento numero 4


******* testar.sh 360 saidas/nRobots360/log_4 ********
analise.sh: line 22: ./testar.sh: Permission denied


*** determinar crescimento de RS em relacao 360 robos ****


analise.sh: line 22: ./testar.sh: Permission denied
Experimento numero 5


******* testar.sh 360 saidas/nRobots360/log_5 ********


*** determinar crescimento de RS em relacao 360 robos ****

analise.sh: line 22: ./testar.sh: Permission denied

Experimento numero 6


******* testar.sh 360 saidas/nRobots360/log_6 ********


*** determinar crescimento de RS em relacao 360 robos ****


Experimento numero 7


******* testar.sh 360 saidas/nRobots360/log_7 ********
analise.sh: line 22: ./testar.sh: Permission denied


*** determinar crescimento de RS em relacao 360 robos ****


Experimento numero 8


analise.sh: line 22: ./testar.sh: Permission denied
******* testar.sh 360 saidas/nRobots360/log_8 ********


*** determinar crescimento de RS em relacao 360 robos ****


Experimento numero 9


analise.sh: line 22: ./testar.sh: Permission denied
******* testar.sh 360 saidas/nRobots360/log_9 ********


*** determinar crescimento de RS em relacao 360 robos ****


Experimento numero 10


******* testar.sh 360 saidas/nRobots360/log_10 ********
analise.sh: line 22: ./testar.sh: Permission denied


*** determinar crescimento de RS em relacao 360 robos ****


Experimento numero 11


analise.sh: line 22: ./testar.sh: Permission denied
******* testar.sh 360 saidas/nRobots360/log_11 ********


*** determinar crescimento de RS em relacao 360 robos ****


Experimento numero 12
analise.sh: line 22: ./testar.sh: Permission denied


******* testar.sh 360 saidas/nRobots360/log_12 ********


*** determinar crescimento de RS em relacao 360 robos ****


Experimento numero 13


******* testar.sh 360 saidas/nRobots360/log_13 ********
analise.sh: line 22: ./testar.sh: Permission denied


*** determinar crescimento de RS em relacao 360 robos ****


Experimento numero 14


analise.sh: line 22: ./testar.sh: Permission denied
******* testar.sh 360 saidas/nRobots360/log_14 ********


*** determinar crescimento de RS em relacao 360 robos ****
analise.sh: line 22: ./testar.sh: Permission denied


Experimento numero 15


******* testar.sh 360 saidas/nRobots360/log_15 ********


*** determinar crescimento de RS em relacao 360 robos ****


Experimento numero 16


******* testar.sh 360 saidas/nRobots360/log_16 ********
analise.sh: line 22: ./testar.sh: Permission denied


*** determinar crescimento de RS em relacao 360 robos ****


Experimento numero 17


analise.sh: line 22: ./testar.sh: Permission denied
******* testar.sh 360 saidas/nRobots360/log_17 ********


*** determinar crescimento de RS em relacao 360 robos ****
analise.sh: line 22: ./testar.sh: Permission denied


Experimento numero 18


******* testar.sh 360 saidas/nRobots360/log_18 ********


*** determinar crescimento de RS em relacao 360 robos ****


Experimento numero 19


******* testar.sh 360 saidas/nRobots360/log_19 ********
analise.sh: line 22: ./testar.sh: Permission denied


*** determinar crescimento de RS em relacao 360 robos ****


Experimento numero 20


analise.sh: line 22: ./testar.sh: Permission denied
******* testar.sh 360 saidas/nRobots360/log_20 ********


*** determinar crescimento de RS em relacao 360 robos ****


analise.sh: line 22: ./testar.sh: Permission denied
Experimento numero 21


******* testar.sh 360 saidas/nRobots360/log_21 ********


*** determinar crescimento de RS em relacao 360 robos ****


Experimento numero 22


******* testar.sh 360 saidas/nRobots360/log_22 ********
analise.sh: line 22: ./testar.sh: Permission denied


*** determinar crescimento de RS em relacao 360 robos ****


Experimento numero 23


analise.sh: line 22: ./testar.sh: Permission denied
******* testar.sh 360 saidas/nRobots360/log_23 ********


*** determinar crescimento de RS em relacao 360 robos ****


Experimento numero 24


analise.sh: line 22: ./testar.sh: Permission denied
******* testar.sh 360 saidas/nRobots360/log_24 ********


*** determinar crescimento de RS em relacao 360 robos ****


Experimento numero 25


******* testar.sh 360 saidas/nRobots360/log_25 ********
analise.sh: line 22: ./testar.sh: Permission denied


*** determinar crescimento de RS em relacao 360 robos ****


Experimento numero 26


******* testar.sh 360 saidas/nRobots360/log_26 ********
analise.sh: line 22: ./testar.sh: Permission denied


*** determinar crescimento de RS em relacao 360 robos ****

analise.sh: line 22: ./testar.sh: Permission denied

Experimento numero 27


******* testar.sh 360 saidas/nRobots360/log_27 ********


*** determinar crescimento de RS em relacao 360 robos ****


Experimento numero 28


******* testar.sh 360 saidas/nRobots360/log_28 ********


*** determinar crescimento de RS em relacao 360 robos ****


Experimento numero 29


analise.sh: line 22: ./testar.sh: Permission denied
******* testar.sh 360 saidas/nRobots360/log_29 ********
analise.sh: line 22: ./testar.sh: Permission denied


*** determinar crescimento de RS em relacao 360 robos ****


Experimento numero 30

analise.sh: line 22: ./testar.sh: Permission denied

******* testar.sh 360 saidas/nRobots360/log_30 ********


*** determinar crescimento de RS em relacao 360 robos ****


Experimento numero 31


******* testar.sh 360 saidas/nRobots360/log_31 ********
analise.sh: line 22: ./testar.sh: Permission denied


*** determinar crescimento de RS em relacao 360 robos ****


Experimento numero 32


analise.sh: line 22: ./testar.sh: Permission denied
******* testar.sh 360 saidas/nRobots360/log_32 ********


*** determinar crescimento de RS em relacao 360 robos ****


analise.sh: line 22: ./testar.sh: Permission denied
Experimento numero 33


******* testar.sh 360 saidas/nRobots360/log_33 ********


*** determinar crescimento de RS em relacao 360 robos ****


Experimento numero 34


******* testar.sh 360 saidas/nRobots360/log_34 ********
analise.sh: line 22: ./testar.sh: Permission denied


*** determinar crescimento de RS em relacao 360 robos ****


Experimento numero 35


analise.sh: line 22: ./testar.sh: Permission denied
******* testar.sh 360 saidas/nRobots360/log_35 ********


*** determinar crescimento de RS em relacao 360 robos ****


Experimento numero 36

analise.sh: line 22: ./testar.sh: Permission denied

******* testar.sh 360 saidas/nRobots360/log_36 ********


*** determinar crescimento de RS em relacao 360 robos ****


Experimento numero 37


******* testar.sh 360 saidas/nRobots360/log_37 ********
analise.sh: line 22: ./testar.sh: Permission denied


*** determinar crescimento de RS em relacao 360 robos ****


Experimento numero 38


analise.sh: line 22: ./testar.sh: Permission denied
******* testar.sh 360 saidas/nRobots360/log_38 ********

analise.sh: line 22: ./testar.sh: Permission denied

*** determinar crescimento de RS em relacao 360 robos ****


Experimento numero 39


******* testar.sh 360 saidas/nRobots360/log_39 ********


*** determinar crescimento de RS em relacao 360 robos ****


Experimento numero 40


analise.sh: line 22: ./testar.sh: Permission denied
analise.sh: line 22: ./testar.sh: Permission denied
******* testar.sh 380 saidas/nRobots380/log_0 ********


*** determinar crescimento de RS em relacao 380 robos ****


Experimento numero 1


******* testar.sh 380 saidas/nRobots380/log_1 ********


*** determinar crescimento de RS em relacao 380 robos ****


analise.sh: line 22: ./testar.sh: Permission denied
Experimento numero 2


******* testar.sh 380 saidas/nRobots380/log_2 ********


*** determinar crescimento de RS em relacao 380 robos ****

analise.sh: line 22: ./testar.sh: Permission denied

Experimento numero 3


******* testar.sh 380 saidas/nRobots380/log_3 ********


*** determinar crescimento de RS em relacao 380 robos ****


Experimento numero 4


******* testar.sh 380 saidas/nRobots380/log_4 ********
analise.sh: line 22: ./testar.sh: Permission denied


analise.sh: line 22: ./testar.sh: Permission denied
*** determinar crescimento de RS em relacao 380 robos ****


Experimento numero 5


******* testar.sh 380 saidas/nRobots380/log_5 ********


*** determinar crescimento de RS em relacao 380 robos ****


analise.sh: line 22: ./testar.sh: Permission denied
Experimento numero 6


******* testar.sh 380 saidas/nRobots380/log_6 ********


*** determinar crescimento de RS em relacao 380 robos ****


Experimento numero 7


******* testar.sh 380 saidas/nRobots380/log_7 ********
analise.sh: line 22: ./testar.sh: Permission denied


*** determinar crescimento de RS em relacao 380 robos ****


Experimento numero 8
analise.sh: line 22: ./testar.sh: Permission denied


******* testar.sh 380 saidas/nRobots380/log_8 ********


*** determinar crescimento de RS em relacao 380 robos ****
analise.sh: line 22: ./testar.sh: Permission denied


Experimento numero 9


******* testar.sh 380 saidas/nRobots380/log_9 ********


*** determinar crescimento de RS em relacao 380 robos ****


Experimento numero 10


******* testar.sh 380 saidas/nRobots380/log_10 ********
analise.sh: line 22: ./testar.sh: Permission denied


*** determinar crescimento de RS em relacao 380 robos ****


Experimento numero 11


analise.sh: line 22: ./testar.sh: Permission denied
******* testar.sh 380 saidas/nRobots380/log_11 ********


*** determinar crescimento de RS em relacao 380 robos ****


Experimento numero 12
analise.sh: line 22: ./testar.sh: Permission denied


******* testar.sh 380 saidas/nRobots380/log_12 ********


*** determinar crescimento de RS em relacao 380 robos ****


Experimento numero 13


******* testar.sh 380 saidas/nRobots380/log_13 ********
analise.sh: line 22: ./testar.sh: Permission denied


*** determinar crescimento de RS em relacao 380 robos ****


Experimento numero 14


analise.sh: line 22: ./testar.sh: Permission denied
******* testar.sh 380 saidas/nRobots380/log_14 ********


analise.sh: line 22: ./testar.sh: Permission denied
*** determinar crescimento de RS em relacao 380 robos ****


Experimento numero 15


******* testar.sh 380 saidas/nRobots380/log_15 ********


*** determinar crescimento de RS em relacao 380 robos ****


Experimento numero 16


******* testar.sh 380 saidas/nRobots380/log_16 ********
analise.sh: line 22: ./testar.sh: Permission denied


*** determinar crescimento de RS em relacao 380 robos ****


Experimento numero 17
analise.sh: line 22: ./testar.sh: Permission denied


******* testar.sh 380 saidas/nRobots380/log_17 ********
analise.sh: line 22: ./testar.sh: Permission denied


*** determinar crescimento de RS em relacao 380 robos ****


Experimento numero 18


******* testar.sh 380 saidas/nRobots380/log_18 ********


*** determinar crescimento de RS em relacao 380 robos ****


Experimento numero 19


******* testar.sh 380 saidas/nRobots380/log_19 ********
analise.sh: line 22: ./testar.sh: Permission denied


*** determinar crescimento de RS em relacao 380 robos ****


Experimento numero 20


analise.sh: line 22: ./testar.sh: Permission denied
******* testar.sh 380 saidas/nRobots380/log_20 ********


*** determinar crescimento de RS em relacao 380 robos ****


analise.sh: line 22: ./testar.sh: Permission denied
Experimento numero 21


******* testar.sh 380 saidas/nRobots380/log_21 ********


*** determinar crescimento de RS em relacao 380 robos ****


Experimento numero 22


******* testar.sh 380 saidas/nRobots380/log_22 ********
analise.sh: line 22: ./testar.sh: Permission denied


*** determinar crescimento de RS em relacao 380 robos ****


Experimento numero 23


analise.sh: line 22: ./testar.sh: Permission denied
******* testar.sh 380 saidas/nRobots380/log_23 ********


*** determinar crescimento de RS em relacao 380 robos ****


Experimento numero 24
analise.sh: line 22: ./testar.sh: Permission denied


******* testar.sh 380 saidas/nRobots380/log_24 ********


*** determinar crescimento de RS em relacao 380 robos ****


Experimento numero 25


******* testar.sh 380 saidas/nRobots380/log_25 ********
analise.sh: line 22: ./testar.sh: Permission denied


*** determinar crescimento de RS em relacao 380 robos ****


Experimento numero 26


analise.sh: line 22: ./testar.sh: Permission denied
******* testar.sh 380 saidas/nRobots380/log_26 ********


*** determinar crescimento de RS em relacao 380 robos ****


Experimento numero 27
analise.sh: line 22: ./testar.sh: Permission denied


******* testar.sh 380 saidas/nRobots380/log_27 ********


*** determinar crescimento de RS em relacao 380 robos ****


Experimento numero 28


******* testar.sh 380 saidas/nRobots380/log_28 ********
analise.sh: line 22: ./testar.sh: Permission denied


*** determinar crescimento de RS em relacao 380 robos ****


Experimento numero 29


analise.sh: line 22: ./testar.sh: Permission denied
******* testar.sh 380 saidas/nRobots380/log_29 ********


analise.sh: line 22: ./testar.sh: Permission denied
*** determinar crescimento de RS em relacao 380 robos ****


Experimento numero 30


******* testar.sh 380 saidas/nRobots380/log_30 ********


*** determinar crescimento de RS em relacao 380 robos ****


Experimento numero 31


******* testar.sh 380 saidas/nRobots380/log_31 ********
analise.sh: line 22: ./testar.sh: Permission denied


*** determinar crescimento de RS em relacao 380 robos ****


Experimento numero 32


analise.sh: line 22: ./testar.sh: Permission denied
******* testar.sh 380 saidas/nRobots380/log_32 ********


*** determinar crescimento de RS em relacao 380 robos ****

analise.sh: line 22: ./testar.sh: Permission denied

Experimento numero 33


******* testar.sh 380 saidas/nRobots380/log_33 ********


*** determinar crescimento de RS em relacao 380 robos ****


Experimento numero 34


******* testar.sh 380 saidas/nRobots380/log_34 ********
analise.sh: line 22: ./testar.sh: Permission denied


*** determinar crescimento de RS em relacao 380 robos ****


Experimento numero 35


analise.sh: line 22: ./testar.sh: Permission denied
******* testar.sh 380 saidas/nRobots380/log_35 ********


*** determinar crescimento de RS em relacao 380 robos ****


Experimento numero 36


analise.sh: line 22: ./testar.sh: Permission denied
******* testar.sh 380 saidas/nRobots380/log_36 ********


*** determinar crescimento de RS em relacao 380 robos ****


Experimento numero 37


******* testar.sh 380 saidas/nRobots380/log_37 ********
analise.sh: line 22: ./testar.sh: Permission denied


*** determinar crescimento de RS em relacao 380 robos ****


Experimento numero 38

analise.sh: line 22: ./testar.sh: Permission denied

******* testar.sh 380 saidas/nRobots380/log_38 ********


*** determinar crescimento de RS em relacao 380 robos ****
analise.sh: line 22: ./testar.sh: Permission denied


Experimento numero 39


******* testar.sh 380 saidas/nRobots380/log_39 ********


*** determinar crescimento de RS em relacao 380 robos ****


Experimento numero 40


analise.sh: line 22: ./testar.sh: Permission denied
analise.sh: line 22: ./testar.sh: Permission denied
******* testar.sh 400 saidas/nRobots400/log_1 ********


*** determinar crescimento de RS em relacao 400 robos ****


Experimento numero 2


******* testar.sh 400 saidas/nRobots400/log_2 ********


*** determinar crescimento de RS em relacao 400 robos ****

analise.sh: line 22: ./testar.sh: Permission denied

Experimento numero 3


******* testar.sh 400 saidas/nRobots400/log_3 ********


*** determinar crescimento de RS em relacao 400 robos ****

analise.sh: line 22: ./testar.sh: Permission denied

Experimento numero 4


******* testar.sh 400 saidas/nRobots400/log_4 ********


*** determinar crescimento de RS em relacao 400 robos ****


Experimento numero 5
analise.sh: line 22: ./testar.sh: Permission denied


******* testar.sh 400 saidas/nRobots400/log_5 ********


*** determinar crescimento de RS em relacao 400 robos ****
analise.sh: line 22: ./testar.sh: Permission denied


Experimento numero 6


******* testar.sh 400 saidas/nRobots400/log_6 ********


*** determinar crescimento de RS em relacao 400 robos ****


Experimento numero 7


******* testar.sh 400 saidas/nRobots400/log_7 ********
analise.sh: line 22: ./testar.sh: Permission denied


*** determinar crescimento de RS em relacao 400 robos ****


Experimento numero 8


analise.sh: line 22: ./testar.sh: Permission denied
******* testar.sh 400 saidas/nRobots400/log_8 ********


*** determinar crescimento de RS em relacao 400 robos ****
analise.sh: line 22: ./testar.sh: Permission denied


Experimento numero 9


******* testar.sh 400 saidas/nRobots400/log_9 ********


*** determinar crescimento de RS em relacao 400 robos ****


Experimento numero 10


******* testar.sh 400 saidas/nRobots400/log_10 ********
analise.sh: line 22: ./testar.sh: Permission denied


*** determinar crescimento de RS em relacao 400 robos ****


Experimento numero 11

analise.sh: line 22: ./testar.sh: Permission denied

******* testar.sh 400 saidas/nRobots400/log_11 ********


*** determinar crescimento de RS em relacao 400 robos ****
analise.sh: line 22: ./testar.sh: Permission denied


Experimento numero 12


******* testar.sh 400 saidas/nRobots400/log_12 ********


*** determinar crescimento de RS em relacao 400 robos ****


Experimento numero 13


******* testar.sh 400 saidas/nRobots400/log_13 ********
analise.sh: line 22: ./testar.sh: Permission denied


*** determinar crescimento de RS em relacao 400 robos ****


Experimento numero 14

analise.sh: line 22: ./testar.sh: Permission denied

******* testar.sh 400 saidas/nRobots400/log_14 ********


*** determinar crescimento de RS em relacao 400 robos ****

analise.sh: line 22: ./testar.sh: Permission denied

Experimento numero 15


******* testar.sh 400 saidas/nRobots400/log_15 ********


*** determinar crescimento de RS em relacao 400 robos ****


Experimento numero 16


******* testar.sh 400 saidas/nRobots400/log_16 ********
analise.sh: line 22: ./testar.sh: Permission denied


*** determinar crescimento de RS em relacao 400 robos ****


Experimento numero 17

analise.sh: line 22: ./testar.sh: Permission denied

******* testar.sh 400 saidas/nRobots400/log_17 ********


*** determinar crescimento de RS em relacao 400 robos ****

analise.sh: line 22: ./testar.sh: Permission denied

Experimento numero 18


******* testar.sh 400 saidas/nRobots400/log_18 ********


*** determinar crescimento de RS em relacao 400 robos ****


Experimento numero 19


******* testar.sh 400 saidas/nRobots400/log_19 ********
analise.sh: line 22: ./testar.sh: Permission denied


*** determinar crescimento de RS em relacao 400 robos ****

analise.sh: line 22: ./testar.sh: Permission denied

Experimento numero 20


******* testar.sh 400 saidas/nRobots400/log_20 ********


*** determinar crescimento de RS em relacao 400 robos ****


analise.sh: line 22: ./testar.sh: Permission denied
Experimento numero 21


******* testar.sh 400 saidas/nRobots400/log_21 ********


*** determinar crescimento de RS em relacao 400 robos ****


Experimento numero 22


******* testar.sh 400 saidas/nRobots400/log_22 ********
analise.sh: line 22: ./testar.sh: Permission denied


*** determinar crescimento de RS em relacao 400 robos ****


Experimento numero 23

analise.sh: line 22: ./testar.sh: Permission denied

******* testar.sh 400 saidas/nRobots400/log_23 ********


analise.sh: line 22: ./testar.sh: Permission denied
*** determinar crescimento de RS em relacao 400 robos ****


Experimento numero 24


******* testar.sh 400 saidas/nRobots400/log_24 ********


*** determinar crescimento de RS em relacao 400 robos ****


Experimento numero 25


******* testar.sh 400 saidas/nRobots400/log_25 ********
analise.sh: line 22: ./testar.sh: Permission denied


*** determinar crescimento de RS em relacao 400 robos ****


Experimento numero 26


analise.sh: line 22: ./testar.sh: Permission denied
******* testar.sh 400 saidas/nRobots400/log_26 ********


analise.sh: line 22: ./testar.sh: Permission denied
*** determinar crescimento de RS em relacao 400 robos ****


Experimento numero 27


******* testar.sh 400 saidas/nRobots400/log_27 ********


*** determinar crescimento de RS em relacao 400 robos ****


Experimento numero 28


******* testar.sh 400 saidas/nRobots400/log_28 ********
analise.sh: line 22: ./testar.sh: Permission denied


*** determinar crescimento de RS em relacao 400 robos ****


Experimento numero 29


******* testar.sh 400 saidas/nRobots400/log_29 ********
analise.sh: line 22: ./testar.sh: Permission denied


*** determinar crescimento de RS em relacao 400 robos ****


Experimento numero 30
analise.sh: line 22: ./testar.sh: Permission denied


******* testar.sh 400 saidas/nRobots400/log_30 ********


*** determinar crescimento de RS em relacao 400 robos ****


Experimento numero 31


******* testar.sh 400 saidas/nRobots400/log_31 ********
analise.sh: line 22: ./testar.sh: Permission denied


*** determinar crescimento de RS em relacao 400 robos ****


analise.sh: line 22: ./testar.sh: Permission denied
Experimento numero 32


******* testar.sh 400 saidas/nRobots400/log_32 ********


*** determinar crescimento de RS em relacao 400 robos ****


analise.sh: line 22: ./testar.sh: Permission denied
Experimento numero 33


******* testar.sh 400 saidas/nRobots400/log_33 ********


*** determinar crescimento de RS em relacao 400 robos ****


Experimento numero 34


******* testar.sh 400 saidas/nRobots400/log_34 ********
analise.sh: line 22: ./testar.sh: Permission denied


*** determinar crescimento de RS em relacao 400 robos ****


Experimento numero 35


analise.sh: line 22: ./testar.sh: Permission denied
******* testar.sh 400 saidas/nRobots400/log_35 ********


*** determinar crescimento de RS em relacao 400 robos ****


analise.sh: line 22: ./testar.sh: Permission denied
Experimento numero 36


******* testar.sh 400 saidas/nRobots400/log_36 ********


*** determinar crescimento de RS em relacao 400 robos ****


Experimento numero 37


******* testar.sh 400 saidas/nRobots400/log_37 ********
analise.sh: line 22: ./testar.sh: Permission denied


*** determinar crescimento de RS em relacao 400 robos ****


Experimento numero 38

analise.sh: line 22: ./testar.sh: Permission denied

******* testar.sh 400 saidas/nRobots400/log_38 ********


*** determinar crescimento de RS em relacao 400 robos ****

analise.sh: line 22: ./testar.sh: Permission denied

Experimento numero 39


******* testar.sh 400 saidas/nRobots400/log_39 ********


*** determinar crescimento de RS em relacao 400 robos ****


Experimento numero 40


analise.sh: line 22: ./testar.sh: Permission denied
analise.sh: line 22: ./testar.sh: Permission denied
******* testar.sh 420 saidas/nRobots420/log_0 ********


*** determinar crescimento de RS em relacao 420 robos ****


Experimento numero 1


******* testar.sh 420 saidas/nRobots420/log_1 ********


*** determinar crescimento de RS em relacao 420 robos ****


Experimento numero 2


analise.sh: line 22: ./testar.sh: Permission denied
******* testar.sh 420 saidas/nRobots420/log_2 ********


*** determinar crescimento de RS em relacao 420 robos ****

analise.sh: line 22: ./testar.sh: Permission denied

Experimento numero 3


******* testar.sh 420 saidas/nRobots420/log_3 ********


*** determinar crescimento de RS em relacao 420 robos ****


Experimento numero 4


******* testar.sh 420 saidas/nRobots420/log_4 ********
analise.sh: line 22: ./testar.sh: Permission denied


*** determinar crescimento de RS em relacao 420 robos ****


Experimento numero 5


analise.sh: line 22: ./testar.sh: Permission denied
******* testar.sh 420 saidas/nRobots420/log_5 ********


*** determinar crescimento de RS em relacao 420 robos ****


analise.sh: line 22: ./testar.sh: Permission denied
Experimento numero 6


******* testar.sh 420 saidas/nRobots420/log_6 ********


*** determinar crescimento de RS em relacao 420 robos ****


Experimento numero 7


******* testar.sh 420 saidas/nRobots420/log_7 ********
analise.sh: line 22: ./testar.sh: Permission denied


*** determinar crescimento de RS em relacao 420 robos ****


Experimento numero 8


analise.sh: line 22: ./testar.sh: Permission denied
******* testar.sh 420 saidas/nRobots420/log_8 ********


*** determinar crescimento de RS em relacao 420 robos ****


analise.sh: line 22: ./testar.sh: Permission denied
Experimento numero 9


******* testar.sh 420 saidas/nRobots420/log_9 ********


*** determinar crescimento de RS em relacao 420 robos ****


Experimento numero 10


******* testar.sh 420 saidas/nRobots420/log_10 ********
analise.sh: line 22: ./testar.sh: Permission denied


analise.sh: line 22: ./testar.sh: Permission denied
*** determinar crescimento de RS em relacao 420 robos ****


Experimento numero 11


******* testar.sh 420 saidas/nRobots420/log_11 ********


*** determinar crescimento de RS em relacao 420 robos ****


analise.sh: line 22: ./testar.sh: Permission denied
Experimento numero 12


******* testar.sh 420 saidas/nRobots420/log_12 ********


*** determinar crescimento de RS em relacao 420 robos ****


Experimento numero 13


******* testar.sh 420 saidas/nRobots420/log_13 ********
analise.sh: line 22: ./testar.sh: Permission denied


*** determinar crescimento de RS em relacao 420 robos ****


Experimento numero 14


analise.sh: line 22: ./testar.sh: Permission denied
******* testar.sh 420 saidas/nRobots420/log_14 ********


*** determinar crescimento de RS em relacao 420 robos ****


analise.sh: line 22: ./testar.sh: Permission denied
Experimento numero 15


******* testar.sh 420 saidas/nRobots420/log_15 ********


*** determinar crescimento de RS em relacao 420 robos ****


Experimento numero 16


******* testar.sh 420 saidas/nRobots420/log_16 ********
analise.sh: line 22: ./testar.sh: Permission denied


*** determinar crescimento de RS em relacao 420 robos ****


Experimento numero 17


analise.sh: line 22: ./testar.sh: Permission denied
******* testar.sh 420 saidas/nRobots420/log_17 ********


*** determinar crescimento de RS em relacao 420 robos ****


analise.sh: line 22: ./testar.sh: Permission denied
Experimento numero 18


******* testar.sh 420 saidas/nRobots420/log_18 ********


*** determinar crescimento de RS em relacao 420 robos ****


Experimento numero 19


******* testar.sh 420 saidas/nRobots420/log_19 ********
analise.sh: line 22: ./testar.sh: Permission denied


*** determinar crescimento de RS em relacao 420 robos ****


Experimento numero 20

analise.sh: line 22: ./testar.sh: Permission denied

******* testar.sh 420 saidas/nRobots420/log_20 ********


analise.sh: line 22: ./testar.sh: Permission denied
*** determinar crescimento de RS em relacao 420 robos ****


Experimento numero 21


******* testar.sh 420 saidas/nRobots420/log_21 ********


*** determinar crescimento de RS em relacao 420 robos ****


Experimento numero 22


******* testar.sh 420 saidas/nRobots420/log_22 ********
analise.sh: line 22: ./testar.sh: Permission denied


*** determinar crescimento de RS em relacao 420 robos ****


Experimento numero 23


analise.sh: line 22: ./testar.sh: Permission denied
******* testar.sh 420 saidas/nRobots420/log_23 ********


*** determinar crescimento de RS em relacao 420 robos ****

analise.sh: line 22: ./testar.sh: Permission denied

Experimento numero 24


******* testar.sh 420 saidas/nRobots420/log_24 ********


*** determinar crescimento de RS em relacao 420 robos ****


Experimento numero 25


******* testar.sh 420 saidas/nRobots420/log_25 ********
analise.sh: line 22: ./testar.sh: Permission denied


*** determinar crescimento de RS em relacao 420 robos ****


Experimento numero 26
analise.sh: line 22: ./testar.sh: Permission denied


******* testar.sh 420 saidas/nRobots420/log_26 ********


*** determinar crescimento de RS em relacao 420 robos ****
analise.sh: line 22: ./testar.sh: Permission denied


Experimento numero 27


******* testar.sh 420 saidas/nRobots420/log_27 ********


*** determinar crescimento de RS em relacao 420 robos ****


Experimento numero 28


******* testar.sh 420 saidas/nRobots420/log_28 ********
analise.sh: line 22: ./testar.sh: Permission denied


*** determinar crescimento de RS em relacao 420 robos ****


Experimento numero 29


analise.sh: line 22: ./testar.sh: Permission denied
******* testar.sh 420 saidas/nRobots420/log_29 ********


*** determinar crescimento de RS em relacao 420 robos ****

analise.sh: line 22: ./testar.sh: Permission denied

Experimento numero 30


******* testar.sh 420 saidas/nRobots420/log_30 ********


*** determinar crescimento de RS em relacao 420 robos ****


Experimento numero 31


******* testar.sh 420 saidas/nRobots420/log_31 ********
analise.sh: line 22: ./testar.sh: Permission denied


*** determinar crescimento de RS em relacao 420 robos ****


Experimento numero 32


analise.sh: line 22: ./testar.sh: Permission denied
******* testar.sh 420 saidas/nRobots420/log_32 ********


*** determinar crescimento de RS em relacao 420 robos ****

analise.sh: line 22: ./testar.sh: Permission denied

Experimento numero 33


******* testar.sh 420 saidas/nRobots420/log_33 ********


*** determinar crescimento de RS em relacao 420 robos ****


Experimento numero 34


******* testar.sh 420 saidas/nRobots420/log_34 ********
analise.sh: line 22: ./testar.sh: Permission denied


*** determinar crescimento de RS em relacao 420 robos ****


Experimento numero 35


analise.sh: line 22: ./testar.sh: Permission denied
******* testar.sh 420 saidas/nRobots420/log_35 ********


*** determinar crescimento de RS em relacao 420 robos ****

analise.sh: line 22: ./testar.sh: Permission denied

Experimento numero 36


******* testar.sh 420 saidas/nRobots420/log_36 ********


*** determinar crescimento de RS em relacao 420 robos ****


Experimento numero 37


******* testar.sh 420 saidas/nRobots420/log_37 ********
analise.sh: line 22: ./testar.sh: Permission denied


*** determinar crescimento de RS em relacao 420 robos ****


Experimento numero 38


analise.sh: line 22: ./testar.sh: Permission denied
******* testar.sh 420 saidas/nRobots420/log_38 ********


*** determinar crescimento de RS em relacao 420 robos ****
analise.sh: line 22: ./testar.sh: Permission denied


Experimento numero 39


******* testar.sh 420 saidas/nRobots420/log_39 ********


*** determinar crescimento de RS em relacao 420 robos ****


Experimento numero 40


analise.sh: line 22: ./testar.sh: Permission denied
analise.sh: line 22: ./testar.sh: Permission denied
******* testar.sh 440 saidas/nRobots440/log_0 ********


*** determinar crescimento de RS em relacao 440 robos ****


Experimento numero 1


******* testar.sh 440 saidas/nRobots440/log_1 ********


*** determinar crescimento de RS em relacao 440 robos ****

analise.sh: line 22: ./testar.sh: Permission denied

Experimento numero 2


******* testar.sh 440 saidas/nRobots440/log_2 ********


*** determinar crescimento de RS em relacao 440 robos ****

analise.sh: line 22: ./testar.sh: Permission denied

Experimento numero 3


******* testar.sh 440 saidas/nRobots440/log_3 ********
analise.sh: line 22: ./testar.sh: Permission denied


*** determinar crescimento de RS em relacao 440 robos ****


Experimento numero 4


******* testar.sh 440 saidas/nRobots440/log_4 ********


analise.sh: line 22: ./testar.sh: Permission denied
*** determinar crescimento de RS em relacao 440 robos ****


Experimento numero 5


******* testar.sh 440 saidas/nRobots440/log_5 ********


*** determinar crescimento de RS em relacao 440 robos ****


analise.sh: line 22: ./testar.sh: Permission denied
Experimento numero 6


******* testar.sh 440 saidas/nRobots440/log_6 ********
analise.sh: line 22: ./testar.sh: Permission denied


*** determinar crescimento de RS em relacao 440 robos ****


Experimento numero 7


******* testar.sh 440 saidas/nRobots440/log_7 ********


*** determinar crescimento de RS em relacao 440 robos ****


Experimento numero 8


******* testar.sh 440 saidas/nRobots440/log_8 ********
analise.sh: line 22: ./testar.sh: Permission denied


*** determinar crescimento de RS em relacao 440 robos ****


Experimento numero 9
analise.sh: line 22: ./testar.sh: Permission denied


******* testar.sh 440 saidas/nRobots440/log_9 ********


analise.sh: line 22: ./testar.sh: Permission denied
*** determinar crescimento de RS em relacao 440 robos ****


Experimento numero 10


******* testar.sh 440 saidas/nRobots440/log_10 ********


*** determinar crescimento de RS em relacao 440 robos ****


Experimento numero 11


******* testar.sh 440 saidas/nRobots440/log_11 ********


*** determinar crescimento de RS em relacao 440 robos ****


Experimento numero 12

analise.sh: line 22: ./testar.sh: Permission denied

******* testar.sh 440 saidas/nRobots440/log_12 ********

analise.sh: line 22: ./testar.sh: Permission denied

analise.sh: line 22: ./testar.sh: Permission denied
*** determinar crescimento de RS em relacao 440 robos ****


Experimento numero 13


******* testar.sh 440 saidas/nRobots440/log_13 ********


*** determinar crescimento de RS em relacao 440 robos ****


Experimento numero 14


******* testar.sh 440 saidas/nRobots440/log_14 ********
analise.sh: line 22: ./testar.sh: Permission denied


*** determinar crescimento de RS em relacao 440 robos ****


Experimento numero 15
analise.sh: line 22: ./testar.sh: Permission denied


******* testar.sh 440 saidas/nRobots440/log_15 ********


analise.sh: line 22: ./testar.sh: Permission denied
*** determinar crescimento de RS em relacao 440 robos ****


Experimento numero 16


******* testar.sh 440 saidas/nRobots440/log_16 ********


*** determinar crescimento de RS em relacao 440 robos ****


Experimento numero 17


******* testar.sh 440 saidas/nRobots440/log_17 ********
analise.sh: line 22: ./testar.sh: Permission denied


*** determinar crescimento de RS em relacao 440 robos ****
analise.sh: line 22: ./testar.sh: Permission denied


Experimento numero 18


******* testar.sh 440 saidas/nRobots440/log_18 ********


analise.sh: line 22: ./testar.sh: Permission denied
*** determinar crescimento de RS em relacao 440 robos ****


Experimento numero 19


******* testar.sh 440 saidas/nRobots440/log_19 ********


*** determinar crescimento de RS em relacao 440 robos ****


Experimento numero 20


******* testar.sh 440 saidas/nRobots440/log_20 ********


analise.sh: line 22: ./testar.sh: Permission denied
*** determinar crescimento de RS em relacao 440 robos ****


Experimento numero 21

analise.sh: line 22: ./testar.sh: Permission denied

******* testar.sh 440 saidas/nRobots440/log_21 ********


analise.sh: line 22: ./testar.sh: Permission denied
*** determinar crescimento de RS em relacao 440 robos ****


Experimento numero 22


******* testar.sh 440 saidas/nRobots440/log_22 ********


*** determinar crescimento de RS em relacao 440 robos ****


Experimento numero 23


******* testar.sh 440 saidas/nRobots440/log_23 ********


*** determinar crescimento de RS em relacao 440 robos ****

analise.sh: line 22: ./testar.sh: Permission denied

Experimento numero 24


******* testar.sh 440 saidas/nRobots440/log_24 ********

analise.sh: line 22: ./testar.sh: Permission denied

*** determinar crescimento de RS em relacao 440 robos ****

analise.sh: line 22: ./testar.sh: Permission denied

Experimento numero 25


******* testar.sh 440 saidas/nRobots440/log_25 ********


*** determinar crescimento de RS em relacao 440 robos ****


Experimento numero 26


******* testar.sh 440 saidas/nRobots440/log_26 ********
analise.sh: line 22: ./testar.sh: Permission denied


*** determinar crescimento de RS em relacao 440 robos ****


analise.sh: line 22: ./testar.sh: Permission denied
Experimento numero 27


******* testar.sh 440 saidas/nRobots440/log_27 ********


analise.sh: line 22: ./testar.sh: Permission denied
*** determinar crescimento de RS em relacao 440 robos ****


Experimento numero 28


******* testar.sh 440 saidas/nRobots440/log_28 ********


*** determinar crescimento de RS em relacao 440 robos ****


Experimento numero 29


******* testar.sh 440 saidas/nRobots440/log_29 ********
analise.sh: line 22: ./testar.sh: Permission denied


analise.sh: line 22: ./testar.sh: Permission denied
*** determinar crescimento de RS em relacao 440 robos ****


Experimento numero 30


******* testar.sh 440 saidas/nRobots440/log_30 ********


*** determinar crescimento de RS em relacao 440 robos ****

analise.sh: line 22: ./testar.sh: Permission denied

Experimento numero 31


******* testar.sh 440 saidas/nRobots440/log_31 ********


*** determinar crescimento de RS em relacao 440 robos ****


Experimento numero 32


******* testar.sh 440 saidas/nRobots440/log_32 ********


*** determinar crescimento de RS em relacao 440 robos ****


Experimento numero 33


analise.sh: line 22: ./testar.sh: Permission denied
******* testar.sh 440 saidas/nRobots440/log_33 ********


analise.sh: line 22: ./testar.sh: Permission denied
*** determinar crescimento de RS em relacao 440 robos ****

analise.sh: line 22: ./testar.sh: Permission denied

Experimento numero 34


******* testar.sh 440 saidas/nRobots440/log_34 ********


*** determinar crescimento de RS em relacao 440 robos ****


Experimento numero 35


******* testar.sh 440 saidas/nRobots440/log_35 ********
analise.sh: line 22: ./testar.sh: Permission denied


*** determinar crescimento de RS em relacao 440 robos ****


Experimento numero 36
analise.sh: line 22: ./testar.sh: Permission denied


******* testar.sh 440 saidas/nRobots440/log_36 ********


*** determinar crescimento de RS em relacao 440 robos ****

analise.sh: line 22: ./testar.sh: Permission denied

Experimento numero 37


******* testar.sh 440 saidas/nRobots440/log_37 ********


*** determinar crescimento de RS em relacao 440 robos ****


Experimento numero 38


******* testar.sh 440 saidas/nRobots440/log_38 ********
analise.sh: line 22: ./testar.sh: Permission denied


*** determinar crescimento de RS em relacao 440 robos ****


analise.sh: line 22: ./testar.sh: Permission denied
Experimento numero 39


******* testar.sh 440 saidas/nRobots440/log_39 ********


*** determinar crescimento de RS em relacao 440 robos ****
analise.sh: line 22: ./testar.sh: Permission denied


Experimento numero 40


analise.sh: line 22: ./testar.sh: Permission denied
******* testar.sh 460 saidas/nRobots460/log_0 ********


*** determinar crescimento de RS em relacao 460 robos ****


Experimento numero 1


******* testar.sh 460 saidas/nRobots460/log_1 ********


*** determinar crescimento de RS em relacao 460 robos ****


analise.sh: line 22: ./testar.sh: Permission denied
Experimento numero 2


******* testar.sh 460 saidas/nRobots460/log_2 ********


analise.sh: line 22: ./testar.sh: Permission denied
*** determinar crescimento de RS em relacao 460 robos ****


Experimento numero 3


******* testar.sh 460 saidas/nRobots460/log_3 ********


analise.sh: line 22: ./testar.sh: Permission denied
*** determinar crescimento de RS em relacao 460 robos ****


Experimento numero 4


******* testar.sh 460 saidas/nRobots460/log_4 ********


analise.sh: line 22: ./testar.sh: Permission denied
*** determinar crescimento de RS em relacao 460 robos ****


Experimento numero 5


******* testar.sh 460 saidas/nRobots460/log_5 ********

analise.sh: line 22: ./testar.sh: Permission denied

*** determinar crescimento de RS em relacao 460 robos ****


Experimento numero 6


******* testar.sh 460 saidas/nRobots460/log_6 ********

analise.sh: line 22: ./testar.sh: Permission denied

*** determinar crescimento de RS em relacao 460 robos ****


Experimento numero 7


******* testar.sh 460 saidas/nRobots460/log_7 ********

analise.sh: line 22: ./testar.sh: Permission denied

*** determinar crescimento de RS em relacao 460 robos ****


Experimento numero 8


******* testar.sh 460 saidas/nRobots460/log_8 ********


*** determinar crescimento de RS em relacao 460 robos ****

analise.sh: line 22: ./testar.sh: Permission denied

Experimento numero 9


******* testar.sh 460 saidas/nRobots460/log_9 ********

analise.sh: line 22: ./testar.sh: Permission denied

*** determinar crescimento de RS em relacao 460 robos ****


Experimento numero 10


******* testar.sh 460 saidas/nRobots460/log_10 ********


*** determinar crescimento de RS em relacao 460 robos ****


Experimento numero 11


******* testar.sh 460 saidas/nRobots460/log_11 ********
analise.sh: line 22: ./testar.sh: Permission denied


*** determinar crescimento de RS em relacao 460 robos ****


Experimento numero 12
analise.sh: line 22: ./testar.sh: Permission denied


******* testar.sh 460 saidas/nRobots460/log_12 ********


analise.sh: line 22: ./testar.sh: Permission denied
*** determinar crescimento de RS em relacao 460 robos ****


Experimento numero 13


******* testar.sh 460 saidas/nRobots460/log_13 ********


*** determinar crescimento de RS em relacao 460 robos ****


Experimento numero 14


******* testar.sh 460 saidas/nRobots460/log_14 ********
analise.sh: line 22: ./testar.sh: Permission denied


*** determinar crescimento de RS em relacao 460 robos ****


analise.sh: line 22: ./testar.sh: Permission denied
Experimento numero 15


******* testar.sh 460 saidas/nRobots460/log_15 ********

analise.sh: line 22: ./testar.sh: Permission denied

*** determinar crescimento de RS em relacao 460 robos ****


Experimento numero 16


******* testar.sh 460 saidas/nRobots460/log_16 ********


*** determinar crescimento de RS em relacao 460 robos ****


Experimento numero 17


******* testar.sh 460 saidas/nRobots460/log_17 ********
analise.sh: line 22: ./testar.sh: Permission denied


*** determinar crescimento de RS em relacao 460 robos ****


Experimento numero 18

analise.sh: line 22: ./testar.sh: Permission denied

******* testar.sh 460 saidas/nRobots460/log_18 ********


*** determinar crescimento de RS em relacao 460 robos ****
analise.sh: line 22: ./testar.sh: Permission denied


Experimento numero 19


******* testar.sh 460 saidas/nRobots460/log_19 ********


*** determinar crescimento de RS em relacao 460 robos ****


Experimento numero 20


******* testar.sh 460 saidas/nRobots460/log_20 ********
analise.sh: line 22: ./testar.sh: Permission denied


*** determinar crescimento de RS em relacao 460 robos ****


analise.sh: line 22: ./testar.sh: Permission denied
Experimento numero 21


******* testar.sh 460 saidas/nRobots460/log_21 ********


analise.sh: line 22: ./testar.sh: Permission denied
*** determinar crescimento de RS em relacao 460 robos ****


Experimento numero 22


******* testar.sh 460 saidas/nRobots460/log_22 ********


*** determinar crescimento de RS em relacao 460 robos ****


Experimento numero 23


******* testar.sh 460 saidas/nRobots460/log_23 ********
analise.sh: line 22: ./testar.sh: Permission denied


*** determinar crescimento de RS em relacao 460 robos ****

analise.sh: line 22: ./testar.sh: Permission denied

Experimento numero 24


******* testar.sh 460 saidas/nRobots460/log_24 ********


analise.sh: line 22: ./testar.sh: Permission denied
*** determinar crescimento de RS em relacao 460 robos ****


Experimento numero 25


******* testar.sh 460 saidas/nRobots460/log_25 ********


*** determinar crescimento de RS em relacao 460 robos ****


Experimento numero 26


******* testar.sh 460 saidas/nRobots460/log_26 ********
analise.sh: line 22: ./testar.sh: Permission denied


*** determinar crescimento de RS em relacao 460 robos ****


Experimento numero 27
analise.sh: line 22: ./testar.sh: Permission denied


******* testar.sh 460 saidas/nRobots460/log_27 ********


analise.sh: line 22: ./testar.sh: Permission denied
*** determinar crescimento de RS em relacao 460 robos ****


Experimento numero 28


******* testar.sh 460 saidas/nRobots460/log_28 ********


*** determinar crescimento de RS em relacao 460 robos ****


Experimento numero 29


******* testar.sh 460 saidas/nRobots460/log_29 ********
analise.sh: line 22: ./testar.sh: Permission denied


analise.sh: line 22: ./testar.sh: Permission denied
*** determinar crescimento de RS em relacao 460 robos ****


Experimento numero 30


******* testar.sh 460 saidas/nRobots460/log_30 ********


*** determinar crescimento de RS em relacao 460 robos ****

analise.sh: line 22: ./testar.sh: Permission denied

Experimento numero 31


******* testar.sh 460 saidas/nRobots460/log_31 ********


*** determinar crescimento de RS em relacao 460 robos ****


Experimento numero 32


******* testar.sh 460 saidas/nRobots460/log_32 ********
analise.sh: line 22: ./testar.sh: Permission denied


*** determinar crescimento de RS em relacao 460 robos ****

analise.sh: line 22: ./testar.sh: Permission denied

Experimento numero 33


******* testar.sh 460 saidas/nRobots460/log_33 ********


*** determinar crescimento de RS em relacao 460 robos ****
analise.sh: line 22: ./testar.sh: Permission denied


Experimento numero 34


******* testar.sh 460 saidas/nRobots460/log_34 ********


*** determinar crescimento de RS em relacao 460 robos ****


Experimento numero 35


******* testar.sh 460 saidas/nRobots460/log_35 ********
analise.sh: line 22: ./testar.sh: Permission denied


*** determinar crescimento de RS em relacao 460 robos ****


analise.sh: line 22: ./testar.sh: Permission denied
Experimento numero 36


******* testar.sh 460 saidas/nRobots460/log_36 ********
analise.sh: line 22: ./testar.sh: Permission denied


*** determinar crescimento de RS em relacao 460 robos ****


Experimento numero 37


******* testar.sh 460 saidas/nRobots460/log_37 ********


*** determinar crescimento de RS em relacao 460 robos ****


Experimento numero 38


******* testar.sh 460 saidas/nRobots460/log_38 ********
analise.sh: line 22: ./testar.sh: Permission denied


*** determinar crescimento de RS em relacao 460 robos ****


Experimento numero 39

analise.sh: line 22: ./testar.sh: Permission denied

******* testar.sh 460 saidas/nRobots460/log_39 ********

analise.sh: line 22: ./testar.sh: Permission denied

*** determinar crescimento de RS em relacao 460 robos ****


Experimento numero 40


analise.sh: line 22: ./testar.sh: Permission denied
******* testar.sh 480 saidas/nRobots480/log_0 ********


*** determinar crescimento de RS em relacao 480 robos ****


Experimento numero 1


******* testar.sh 480 saidas/nRobots480/log_1 ********


analise.sh: line 22: ./testar.sh: Permission denied
*** determinar crescimento de RS em relacao 480 robos ****


Experimento numero 2


******* testar.sh 480 saidas/nRobots480/log_2 ********


analise.sh: line 22: ./testar.sh: Permission denied
*** determinar crescimento de RS em relacao 480 robos ****


Experimento numero 3


******* testar.sh 480 saidas/nRobots480/log_3 ********
analise.sh: line 22: ./testar.sh: Permission denied


*** determinar crescimento de RS em relacao 480 robos ****


Experimento numero 4


******* testar.sh 480 saidas/nRobots480/log_4 ********

analise.sh: line 22: ./testar.sh: Permission denied

*** determinar crescimento de RS em relacao 480 robos ****


Experimento numero 5


******* testar.sh 480 saidas/nRobots480/log_5 ********
analise.sh: line 22: ./testar.sh: Permission denied


*** determinar crescimento de RS em relacao 480 robos ****


Experimento numero 6


******* testar.sh 480 saidas/nRobots480/log_6 ********
analise.sh: line 22: ./testar.sh: Permission denied


*** determinar crescimento de RS em relacao 480 robos ****


Experimento numero 7


******* testar.sh 480 saidas/nRobots480/log_7 ********


analise.sh: line 22: ./testar.sh: Permission denied
*** determinar crescimento de RS em relacao 480 robos ****


Experimento numero 8


******* testar.sh 480 saidas/nRobots480/log_8 ********


*** determinar crescimento de RS em relacao 480 robos ****
analise.sh: line 22: ./testar.sh: Permission denied


Experimento numero 9


******* testar.sh 480 saidas/nRobots480/log_9 ********

analise.sh: line 22: ./testar.sh: Permission denied

*** determinar crescimento de RS em relacao 480 robos ****


Experimento numero 10


******* testar.sh 480 saidas/nRobots480/log_10 ********


*** determinar crescimento de RS em relacao 480 robos ****


Experimento numero 11


******* testar.sh 480 saidas/nRobots480/log_11 ********

analise.sh: line 22: ./testar.sh: Permission denied

*** determinar crescimento de RS em relacao 480 robos ****

analise.sh: line 22: ./testar.sh: Permission denied

Experimento numero 12


******* testar.sh 480 saidas/nRobots480/log_12 ********
analise.sh: line 22: ./testar.sh: Permission denied


*** determinar crescimento de RS em relacao 480 robos ****


Experimento numero 13


******* testar.sh 480 saidas/nRobots480/log_13 ********


*** determinar crescimento de RS em relacao 480 robos ****


Experimento numero 14


******* testar.sh 480 saidas/nRobots480/log_14 ********
analise.sh: line 22: ./testar.sh: Permission denied


*** determinar crescimento de RS em relacao 480 robos ****
analise.sh: line 22: ./testar.sh: Permission denied


Experimento numero 15


******* testar.sh 480 saidas/nRobots480/log_15 ********
analise.sh: line 22: ./testar.sh: Permission denied


*** determinar crescimento de RS em relacao 480 robos ****


Experimento numero 16


******* testar.sh 480 saidas/nRobots480/log_16 ********


*** determinar crescimento de RS em relacao 480 robos ****


Experimento numero 17


******* testar.sh 480 saidas/nRobots480/log_17 ********
analise.sh: line 22: ./testar.sh: Permission denied


*** determinar crescimento de RS em relacao 480 robos ****
analise.sh: line 22: ./testar.sh: Permission denied


Experimento numero 18


******* testar.sh 480 saidas/nRobots480/log_18 ********


analise.sh: line 22: ./testar.sh: Permission denied
*** determinar crescimento de RS em relacao 480 robos ****


Experimento numero 19


******* testar.sh 480 saidas/nRobots480/log_19 ********


*** determinar crescimento de RS em relacao 480 robos ****


Experimento numero 20


******* testar.sh 480 saidas/nRobots480/log_20 ********
analise.sh: line 22: ./testar.sh: Permission denied


*** determinar crescimento de RS em relacao 480 robos ****
analise.sh: line 22: ./testar.sh: Permission denied


Experimento numero 21


******* testar.sh 480 saidas/nRobots480/log_21 ********


analise.sh: line 22: ./testar.sh: Permission denied
*** determinar crescimento de RS em relacao 480 robos ****


Experimento numero 22


******* testar.sh 480 saidas/nRobots480/log_22 ********


*** determinar crescimento de RS em relacao 480 robos ****


Experimento numero 23


******* testar.sh 480 saidas/nRobots480/log_23 ********
analise.sh: line 22: ./testar.sh: Permission denied


*** determinar crescimento de RS em relacao 480 robos ****


analise.sh: line 22: ./testar.sh: Permission denied
Experimento numero 24


******* testar.sh 480 saidas/nRobots480/log_24 ********


analise.sh: line 22: ./testar.sh: Permission denied
*** determinar crescimento de RS em relacao 480 robos ****


Experimento numero 25


******* testar.sh 480 saidas/nRobots480/log_25 ********


*** determinar crescimento de RS em relacao 480 robos ****


Experimento numero 26


******* testar.sh 480 saidas/nRobots480/log_26 ********
analise.sh: line 22: ./testar.sh: Permission denied


*** determinar crescimento de RS em relacao 480 robos ****


analise.sh: line 22: ./testar.sh: Permission denied
Experimento numero 27


******* testar.sh 480 saidas/nRobots480/log_27 ********


*** determinar crescimento de RS em relacao 480 robos ****
analise.sh: line 22: ./testar.sh: Permission denied


Experimento numero 28


******* testar.sh 480 saidas/nRobots480/log_28 ********


*** determinar crescimento de RS em relacao 480 robos ****


Experimento numero 29


******* testar.sh 480 saidas/nRobots480/log_29 ********
analise.sh: line 22: ./testar.sh: Permission denied


*** determinar crescimento de RS em relacao 480 robos ****

analise.sh: line 22: ./testar.sh: Permission denied

Experimento numero 30


******* testar.sh 480 saidas/nRobots480/log_30 ********
analise.sh: line 22: ./testar.sh: Permission denied


*** determinar crescimento de RS em relacao 480 robos ****


Experimento numero 31


******* testar.sh 480 saidas/nRobots480/log_31 ********


*** determinar crescimento de RS em relacao 480 robos ****


Experimento numero 32


******* testar.sh 480 saidas/nRobots480/log_32 ********
analise.sh: line 22: ./testar.sh: Permission denied


*** determinar crescimento de RS em relacao 480 robos ****


Experimento numero 33
analise.sh: line 22: ./testar.sh: Permission denied


******* testar.sh 480 saidas/nRobots480/log_33 ********


analise.sh: line 22: ./testar.sh: Permission denied
*** determinar crescimento de RS em relacao 480 robos ****


Experimento numero 34


******* testar.sh 480 saidas/nRobots480/log_34 ********


*** determinar crescimento de RS em relacao 480 robos ****


Experimento numero 35


******* testar.sh 480 saidas/nRobots480/log_35 ********
analise.sh: line 22: ./testar.sh: Permission denied


*** determinar crescimento de RS em relacao 480 robos ****
analise.sh: line 22: ./testar.sh: Permission denied


Experimento numero 36


******* testar.sh 480 saidas/nRobots480/log_36 ********


analise.sh: line 22: ./testar.sh: Permission denied
*** determinar crescimento de RS em relacao 480 robos ****


Experimento numero 37


******* testar.sh 480 saidas/nRobots480/log_37 ********


*** determinar crescimento de RS em relacao 480 robos ****


Experimento numero 38


******* testar.sh 480 saidas/nRobots480/log_38 ********
analise.sh: line 22: ./testar.sh: Permission denied


*** determinar crescimento de RS em relacao 480 robos ****
analise.sh: line 22: ./testar.sh: Permission denied


Experimento numero 39


******* testar.sh 480 saidas/nRobots480/log_39 ********
analise.sh: line 22: ./testar.sh: Permission denied


*** determinar crescimento de RS em relacao 480 robos ****


Experimento numero 40


analise.sh: line 22: ./testar.sh: Permission denied
******* testar.sh 500 saidas/nRobots500/log_0 ********


*** determinar crescimento de RS em relacao 500 robos ****


Experimento numero 1


******* testar.sh 500 saidas/nRobots500/log_1 ********


*** determinar crescimento de RS em relacao 500 robos ****
analise.sh: line 22: ./testar.sh: Permission denied


Experimento numero 2


******* testar.sh 500 saidas/nRobots500/log_2 ********


analise.sh: line 22: ./testar.sh: Permission denied
*** determinar crescimento de RS em relacao 500 robos ****


Experimento numero 3


******* testar.sh 500 saidas/nRobots500/log_3 ********
analise.sh: line 22: ./testar.sh: Permission denied


*** determinar crescimento de RS em relacao 500 robos ****


Experimento numero 4


******* testar.sh 500 saidas/nRobots500/log_4 ********


*** determinar crescimento de RS em relacao 500 robos ****
analise.sh: line 22: ./testar.sh: Permission denied


Experimento numero 5


******* testar.sh 500 saidas/nRobots500/log_5 ********


analise.sh: line 22: ./testar.sh: Permission denied
*** determinar crescimento de RS em relacao 500 robos ****


Experimento numero 6


******* testar.sh 500 saidas/nRobots500/log_6 ********
analise.sh: line 22: ./testar.sh: Permission denied


*** determinar crescimento de RS em relacao 500 robos ****


Experimento numero 7


******* testar.sh 500 saidas/nRobots500/log_7 ********

analise.sh: line 22: ./testar.sh: Permission denied

*** determinar crescimento de RS em relacao 500 robos ****


Experimento numero 8


******* testar.sh 500 saidas/nRobots500/log_8 ********


*** determinar crescimento de RS em relacao 500 robos ****
analise.sh: line 22: ./testar.sh: Permission denied


Experimento numero 9


******* testar.sh 500 saidas/nRobots500/log_9 ********


analise.sh: line 22: ./testar.sh: Permission denied
*** determinar crescimento de RS em relacao 500 robos ****


Experimento numero 10


******* testar.sh 500 saidas/nRobots500/log_10 ********
analise.sh: line 22: ./testar.sh: Permission denied


*** determinar crescimento de RS em relacao 500 robos ****


Experimento numero 11


******* testar.sh 500 saidas/nRobots500/log_11 ********
analise.sh: line 22: ./testar.sh: Permission denied


*** determinar crescimento de RS em relacao 500 robos ****


Experimento numero 12


******* testar.sh 500 saidas/nRobots500/log_12 ********


analise.sh: line 22: ./testar.sh: Permission denied
*** determinar crescimento de RS em relacao 500 robos ****


Experimento numero 13


******* testar.sh 500 saidas/nRobots500/log_13 ********


analise.sh: line 22: ./testar.sh: Permission denied
*** determinar crescimento de RS em relacao 500 robos ****


Experimento numero 14


******* testar.sh 500 saidas/nRobots500/log_14 ********


analise.sh: line 22: ./testar.sh: Permission denied
*** determinar crescimento de RS em relacao 500 robos ****


Experimento numero 15


******* testar.sh 500 saidas/nRobots500/log_15 ********


analise.sh: line 22: ./testar.sh: Permission denied
*** determinar crescimento de RS em relacao 500 robos ****


Experimento numero 16


******* testar.sh 500 saidas/nRobots500/log_16 ********

analise.sh: line 22: ./testar.sh: Permission denied

*** determinar crescimento de RS em relacao 500 robos ****


Experimento numero 17


******* testar.sh 500 saidas/nRobots500/log_17 ********
analise.sh: line 22: ./testar.sh: Permission denied


*** determinar crescimento de RS em relacao 500 robos ****


Experimento numero 18


******* testar.sh 500 saidas/nRobots500/log_18 ********


analise.sh: line 22: ./testar.sh: Permission denied
*** determinar crescimento de RS em relacao 500 robos ****


Experimento numero 19


******* testar.sh 500 saidas/nRobots500/log_19 ********


*** determinar crescimento de RS em relacao 500 robos ****

analise.sh: line 22: ./testar.sh: Permission denied

Experimento numero 20


******* testar.sh 500 saidas/nRobots500/log_20 ********
analise.sh: line 22: ./testar.sh: Permission denied


*** determinar crescimento de RS em relacao 500 robos ****


Experimento numero 21


******* testar.sh 500 saidas/nRobots500/log_21 ********


analise.sh: line 22: ./testar.sh: Permission denied
*** determinar crescimento de RS em relacao 500 robos ****


Experimento numero 22


******* testar.sh 500 saidas/nRobots500/log_22 ********

analise.sh: line 22: ./testar.sh: Permission denied

*** determinar crescimento de RS em relacao 500 robos ****


Experimento numero 23


******* testar.sh 500 saidas/nRobots500/log_23 ********


*** determinar crescimento de RS em relacao 500 robos ****


Experimento numero 24

analise.sh: line 22: ./testar.sh: Permission denied

******* testar.sh 500 saidas/nRobots500/log_24 ********
analise.sh: line 22: ./testar.sh: Permission denied


*** determinar crescimento de RS em relacao 500 robos ****


Experimento numero 25


******* testar.sh 500 saidas/nRobots500/log_25 ********


*** determinar crescimento de RS em relacao 500 robos ****


Experimento numero 26


******* testar.sh 500 saidas/nRobots500/log_26 ********


analise.sh: line 22: ./testar.sh: Permission denied
*** determinar crescimento de RS em relacao 500 robos ****


analise.sh: line 22: ./testar.sh: Permission denied
Experimento numero 27


******* testar.sh 500 saidas/nRobots500/log_27 ********
analise.sh: line 22: ./testar.sh: Permission denied


*** determinar crescimento de RS em relacao 500 robos ****


Experimento numero 28


******* testar.sh 500 saidas/nRobots500/log_28 ********


*** determinar crescimento de RS em relacao 500 robos ****


Experimento numero 29


******* testar.sh 500 saidas/nRobots500/log_29 ********
analise.sh: line 22: ./testar.sh: Permission denied


*** determinar crescimento de RS em relacao 500 robos ****


analise.sh: line 22: ./testar.sh: Permission denied
Experimento numero 30


******* testar.sh 500 saidas/nRobots500/log_30 ********
analise.sh: line 22: ./testar.sh: Permission denied


*** determinar crescimento de RS em relacao 500 robos ****


Experimento numero 31


******* testar.sh 500 saidas/nRobots500/log_31 ********


*** determinar crescimento de RS em relacao 500 robos ****


Experimento numero 32


******* testar.sh 500 saidas/nRobots500/log_32 ********
analise.sh: line 22: ./testar.sh: Permission denied


*** determinar crescimento de RS em relacao 500 robos ****


Experimento numero 33
analise.sh: line 22: ./testar.sh: Permission denied


******* testar.sh 500 saidas/nRobots500/log_33 ********

analise.sh: line 22: ./testar.sh: Permission denied

*** determinar crescimento de RS em relacao 500 robos ****


Experimento numero 34


******* testar.sh 500 saidas/nRobots500/log_34 ********


*** determinar crescimento de RS em relacao 500 robos ****


Experimento numero 35


******* testar.sh 500 saidas/nRobots500/log_35 ********
analise.sh: line 22: ./testar.sh: Permission denied

analise.sh: line 22: ./testar.sh: Permission denied

*** determinar crescimento de RS em relacao 500 robos ****


Experimento numero 36


******* testar.sh 500 saidas/nRobots500/log_36 ********

analise.sh: line 22: ./testar.sh: Permission denied

*** determinar crescimento de RS em relacao 500 robos ****


Experimento numero 37


******* testar.sh 500 saidas/nRobots500/log_37 ********


*** determinar crescimento de RS em relacao 500 robos ****


Experimento numero 38


******* testar.sh 500 saidas/nRobots500/log_38 ********
analise.sh: line 22: ./testar.sh: Permission denied
analise.sh: line 22: ./testar.sh: Permission denied


*** determinar crescimento de RS em relacao 500 robos ****


Experimento numero 39


******* testar.sh 500 saidas/nRobots500/log_39 ********


analise.sh: line 22: ./testar.sh: Permission denied
*** determinar crescimento de RS em relacao 500 robos ****


Experimento numero 40


analise.sh: line 22: ./testar.sh: Permission denied
