/home/andersoney/algoritmotcc

Criando cenário
argumentos: 4
Startando definicoes basicas.
Raio: 19.7484
Number exp: 37
Number Robot: 260
automatic_260_37.world
Startando stage
Stage 4.3.0 [GUI disabled]
 [Loading worlds/automatic_260_37.world][Include map.inc][Include sick.inc][Include pioneer.inc]./testar.sh: line 31: 2383586 Segmentation fault      (core dumped) stage $GUI worlds/automatic_${num_robot}_${exp}.world
/home/andersoney/algoritmotcc

Criando cenário
argumentos: 4
Startando definicoes basicas.
Raio: 19.7484
Number exp: 37
Number Robot: 260
automatic_260_37.world
Startando stage
Stage 4.3.0 [GUI disabled]
 [Loading worlds/automatic_260_37.world][Include map.inc][Include sick.inc][Include pioneer.inc]Terminated
/home/andersoney/algoritmotcc

Criando cenário
argumentos: 4
Startando definicoes basicas.
Raio: 19.7484
Number exp: 37
Number Robot: 260
automatic_260_37.world
Startando stage
Stage 4.3.0 [GUI disabled]
 [Loading worlds/automatic_260_37.world][Include map.inc][Include sick.inc][Include pioneer.inc]./testar.sh: line 31: 2932222 Segmentation fault      (core dumped) stage $GUI worlds/automatic_${num_robot}_${exp}.world
