/home/andersoney/algoritmotcc

Criando cenário
automatic_260_39.world
Stage 4.3.0 [GUI disabled]
 [Loading worlds/automatic_260_39.world][Include map.inc][Include sick.inc][Include pioneer.inc]
Destroyed robot11!
Destroyed robot165!
Destroyed robot192!
Destroyed robot212!
Destroyed robot183!
Destroyed robot253!
Destroyed robot232!
Destroyed robot75!
Destroyed robot254!
Destroyed robot21!
Destroyed robot229!
Destroyed robot140!
Destroyed robot30!
Destroyed robot60!
Destroyed robot84!
Destroyed robot56!
Destroyed robot67!
Destroyed robot19!
Destroyed robot184!
Destroyed robot119!
Destroyed robot93!
Destroyed robot255!
Destroyed robot242!
Destroyed robot257!
Destroyed robot129!
Destroyed robot115!
Destroyed robot112!
Destroyed robot143!
Destroyed robot156!
Destroyed robot168!
Destroyed robot109!
Destroyed robot234!
Destroyed robot16!
./testar.sh: line 30: 485044 Segmentation fault      (core dumped) stage $GUI worlds/automatic_${num_robot}_${exp}.world
