/home/andersoney/algoritmotcc

Criando cenário
argumentos: 4
Startando definicoes basicas.
Raio: 20.4939
Number exp: 6
Number Robot: 280
automatic_280_6.world
Startando stage
Stage 4.3.0 [GUI disabled]
 [Loading worlds/automatic_280_6.world][Include map.inc][Include sick.inc][Include pioneer.inc]./testar.sh: line 31: 2390040 Segmentation fault      (core dumped) stage $GUI worlds/automatic_${num_robot}_${exp}.world
/home/andersoney/algoritmotcc

Criando cenário
argumentos: 4
Startando definicoes basicas.
Raio: 20.4939
Number exp: 6
Number Robot: 280
automatic_280_6.world
Startando stage
Stage 4.3.0 [GUI disabled]
 [Loading worlds/automatic_280_6.world][Include map.inc][Include sick.inc][Include pioneer.inc]Terminated
/home/andersoney/algoritmotcc

Criando cenário
argumentos: 4
Startando definicoes basicas.
Raio: 20.4939
Number exp: 6
Number Robot: 280
automatic_280_6.world
Startando stage
Stage 4.3.0 [GUI disabled]
 [Loading worlds/automatic_280_6.world][Include map.inc][Include sick.inc][Include pioneer.inc]
