/home/andersoney/algoritmotcc_v1

Criando cenário
argumentos: 5
1.8:1.2
saida_v1
Startando definicoes basicas.
Raio: 15.4919
Number exp: 8
Number Robot: 160
automatic_160_8.world
Startando stage
Stage 4.3.0 [GUI disabled]
 [Loading saida_v1/worlds/automatic_160_8.world][Include map.inc][Include sick.inc][Include pioneer.inc]./testar.sh: line 38: 105629 Segmentation fault      (core dumped) stage $GUI ${var}/worlds/automatic_${num_robot}_${exp}.world
/home/andersoney/algoritmotcc_v1

Criando cenário
argumentos: 5
1.8:1.2
saida_v1
Startando definicoes basicas.
Raio: 15.4919
Number exp: 8
Number Robot: 160
automatic_160_8.world
Startando stage
Stage 4.3.0 [GUI disabled]
 [Loading saida_v1/worlds/automatic_160_8.world][Include map.inc][Include sick.inc][Include pioneer.inc]
saida_v1/nRobots160/logs_8
