/home/andersoney/algoritmotcc

Criando cenário
argumentos: 4
Startando definicoes basicas.
Raio: 18.9737
Number exp: 30
Number Robot: 240
automatic_240_30.world
Startando stage
Stage 4.3.0 [GUI disabled]
 [Loading worlds/automatic_240_30.world][Include map.inc][Include sick.inc][Include pioneer.inc]./testar.sh: line 31: 2355560 Segmentation fault      (core dumped) stage $GUI worlds/automatic_${num_robot}_${exp}.world
/home/andersoney/algoritmotcc

Criando cenário
argumentos: 4
Startando definicoes basicas.
Raio: 18.9737
Number exp: 30
Number Robot: 240
automatic_240_30.world
Startando stage
Stage 4.3.0 [GUI disabled]
 [Loading worlds/automatic_240_30.world][Include map.inc][Include sick.inc][Include pioneer.inc]Terminated
/home/andersoney/algoritmotcc

Criando cenário
argumentos: 4
Startando definicoes basicas.
Raio: 18.9737
Number exp: 30
Number Robot: 240
automatic_240_30.world
Startando stage
Stage 4.3.0 [GUI disabled]
 [Loading worlds/automatic_240_30.world][Include map.inc][Include sick.inc][Include pioneer.inc]./testar.sh: line 31: 2932198 Segmentation fault      (core dumped) stage $GUI worlds/automatic_${num_robot}_${exp}.world
