/home/andersoney/algoritmotcc

Criando cenário
argumentos: 4
Startando definicoes basicas.
Raio: 21.9089
Number exp: 27
Number Robot: 320
automatic_320_27.world
Startando stage
Stage 4.3.0 [GUI disabled]
 [Loading worlds/automatic_320_27.world][Include map.inc][Include sick.inc][Include pioneer.inc]./testar.sh: line 31: 2480685 Segmentation fault      (core dumped) stage $GUI worlds/automatic_${num_robot}_${exp}.world
/home/andersoney/algoritmotcc

Criando cenário
argumentos: 4
Startando definicoes basicas.
Raio: 21.9089
Number exp: 27
Number Robot: 320
automatic_320_27.world
Startando stage
Stage 4.3.0 [GUI disabled]
 [Loading worlds/automatic_320_27.world][Include map.inc][Include sick.inc][Include pioneer.inc]Terminated
/home/andersoney/algoritmotcc

Criando cenário
argumentos: 4
Startando definicoes basicas.
Raio: 21.9089
Number exp: 27
Number Robot: 320
automatic_320_27.world
Startando stage
Stage 4.3.0 [GUI disabled]
 [Loading worlds/automatic_320_27.world][Include map.inc][Include sick.inc][Include pioneer.inc]
