/home/andersoney/algoritmotcc_v1

Criando cenário
argumentos: 5
1.8:1.2
saida_v1
Startando definicoes basicas.
Raio: 21.2132
Number exp: 27
Number Robot: 300
automatic_300_27.world
Startando stage
Stage 4.3.0 [GUI disabled]
 [Loading saida_v1/worlds/automatic_300_27.world][Include map.inc][Include sick.inc][Include pioneer.inc]./testar.sh: line 38: 533071 Segmentation fault      (core dumped) stage $GUI ${var}/worlds/automatic_${num_robot}_${exp}.world
/home/andersoney/algoritmotcc_v1

Criando cenário
argumentos: 5
1.8:1.2
saida_v1
Startando definicoes basicas.
Raio: 21.2132
Number exp: 27
Number Robot: 300
automatic_300_27.world
Startando stage
Stage 4.3.0 [GUI disabled]
 [Loading saida_v1/worlds/automatic_300_27.world][Include map.inc][Include sick.inc][Include pioneer.inc]./testar.sh: line 38: 897792 Segmentation fault      (core dumped) stage $GUI ${var}/worlds/automatic_${num_robot}_${exp}.world
