/home/andersoney/algoritmotcc_v1

Criando cenário
argumentos: 5
1.8:1.2
saida_v1
Startando definicoes basicas.
Raio: 23.2379
Number exp: 14
Number Robot: 360
automatic_360_14.world
Startando stage
Stage 4.3.0 [GUI disabled]
 [Loading saida_v1/worlds/automatic_360_14.world][Include map.inc][Include sick.inc][Include pioneer.inc]./testar.sh: line 38: 676404 Segmentation fault      (core dumped) stage $GUI ${var}/worlds/automatic_${num_robot}_${exp}.world
/home/andersoney/algoritmotcc_v1

Criando cenário
argumentos: 5
1.8:1.2
saida_v1
Startando definicoes basicas.
Raio: 23.2379
Number exp: 14
Number Robot: 360
automatic_360_14.world
Startando stage
Stage 4.3.0 [GUI disabled]
 [Loading saida_v1/worlds/automatic_360_14.world][Include map.inc][Include sick.inc][Include pioneer.inc]
saida_v1/nRobots360/logs_14
