/home/andersoney/algoritmotcc_v1

Criando cenário
argumentos: 5
1.8:1.2
saida_v1
Startando definicoes basicas.
Raio: 19.7484
Number exp: 24
Number Robot: 260
automatic_260_24.world
Startando stage
Stage 4.3.0 [GUI disabled]
 [Loading saida_v1/worlds/automatic_260_24.world][Include map.inc][Include sick.inc][Include pioneer.inc]./testar.sh: line 38: 351080 Segmentation fault      (core dumped) stage $GUI ${var}/worlds/automatic_${num_robot}_${exp}.world
/home/andersoney/algoritmotcc_v1

Criando cenário
argumentos: 5
1.8:1.2
saida_v1
Startando definicoes basicas.
Raio: 19.7484
Number exp: 24
Number Robot: 260
automatic_260_24.world
Startando stage
Stage 4.3.0 [GUI disabled]
 [Loading saida_v1/worlds/automatic_260_24.world][Include map.inc][Include sick.inc][Include pioneer.inc]
saida_v1/nRobots260/logs_24
