/home/andersoney/algoritmotcc_v1

Criando cenário
argumentos: 5
1.8:1.2
saida_v1
Startando definicoes basicas.
Raio: 23.8747
Number exp: 0
Number Robot: 380
automatic_380_0.world
Startando stage
Stage 4.3.0 [GUI disabled]
 [Loading saida_v1/worlds/automatic_380_0.world][Include map.inc][Include sick.inc][Include pioneer.inc]./testar.sh: line 38: 693673 Segmentation fault      (core dumped) stage $GUI ${var}/worlds/automatic_${num_robot}_${exp}.world
/home/andersoney/algoritmotcc_v1

Criando cenário
argumentos: 5
1.8:1.2
saida_v1
Startando definicoes basicas.
Raio: 23.8747
Number exp: 0
Number Robot: 380
automatic_380_0.world
Startando stage
Stage 4.3.0 [GUI disabled]
 [Loading saida_v1/worlds/automatic_380_0.world][Include map.inc][Include sick.inc][Include pioneer.inc]
saida_v1/nRobots380/logs_0
