/home/andersoney/algoritmotcc_v1

Criando cenário
argumentos: 5
1.8:1.2
saida_v1
Startando definicoes basicas.
Raio: 17.3205
Number exp: 12
Number Robot: 200
automatic_200_12.world
Startando stage
Stage 4.3.0 [GUI disabled]
 [Loading saida_v1/worlds/automatic_200_12.world][Include map.inc][Include sick.inc][Include pioneer.inc]./testar.sh: line 38: 177425 Segmentation fault      (core dumped) stage $GUI ${var}/worlds/automatic_${num_robot}_${exp}.world
/home/andersoney/algoritmotcc_v1

Criando cenário
argumentos: 5
1.8:1.2
saida_v1
Startando definicoes basicas.
Raio: 17.3205
Number exp: 12
Number Robot: 200
automatic_200_12.world
Startando stage
Stage 4.3.0 [GUI disabled]
 [Loading saida_v1/worlds/automatic_200_12.world][Include map.inc][Include sick.inc][Include pioneer.inc]
saida_v1/nRobots200/logs_12
