/home/andersoney/workspace/algoritmotcc

Criando cenário
argumentos: 5
1.8:1.2
PCCEEV2_SAIDA
Startando definicoes basicas.
Raio: 9.48683
Number exp: 6
Number Robot: 60
automatic_60_6.world
Startando stage
Stage 4.3.0 [GUI disabled]
 [Loading worlds/automatic_60_6.world][Include map.inc][Include sick.inc][Include pioneer.inc]/home/andersoney/workspace/algoritmotcc

Criando cenário
argumentos: 5
1.8:1.2
PCCEEV2_SAIDA
Startando definicoes basicas.
Raio: 9.48683
Number exp: 6
Number Robot: 60
automatic_60_6.world
Startando stage
Stage 4.3.0 [GUI disabled]
 [Loading worlds/automatic_60_6.world][Include map.inc][Include sick.inc][Include pioneer.inc]