/home/andersoney/algoritmotcc_v1

Criando cenário
argumentos: 5
1.8:1.2
saida_v1
Startando definicoes basicas.
Raio: 25.0998
Number exp: 13
Number Robot: 420
automatic_420_13.world
Startando stage
Stage 4.3.0 [GUI disabled]
 [Loading saida_v1/worlds/automatic_420_13.world][Include map.inc][Include sick.inc][Include pioneer.inc]./testar.sh: line 38: 813977 Segmentation fault      (core dumped) stage $GUI ${var}/worlds/automatic_${num_robot}_${exp}.world
/home/andersoney/algoritmotcc_v1

Criando cenário
argumentos: 5
1.8:1.2
saida_v1
Startando definicoes basicas.
Raio: 25.0998
Number exp: 13
Number Robot: 420
automatic_420_13.world
Startando stage
Stage 4.3.0 [GUI disabled]
 [Loading saida_v1/worlds/automatic_420_13.world][Include map.inc][Include sick.inc][Include pioneer.inc]
saida_v1/nRobots420/logs_13
