/home/andersoney/algoritmotcc_v1

Criando cenário
argumentos: 5
1.8:1.2
saida_v1
Startando definicoes basicas.
Raio: 25.0998
Number exp: 15
Number Robot: 420
automatic_420_15.world
Startando stage
Stage 4.3.0 [GUI disabled]
 [Loading saida_v1/worlds/automatic_420_15.world][Include map.inc][Include sick.inc][Include pioneer.inc]/home/andersoney/algoritmotcc_v1

Criando cenário
argumentos: 5
1.8:1.2
saida_v1
Startando definicoes basicas.
Raio: 25.0998
Number exp: 15
Number Robot: 420
automatic_420_15.world
Startando stage
Stage 4.3.0 [GUI disabled]
 [Loading saida_v1/worlds/automatic_420_15.world][Include map.inc][Include sick.inc][Include pioneer.inc]./testar.sh: line 38: 998203 Segmentation fault      (core dumped) stage $GUI ${var}/worlds/automatic_${num_robot}_${exp}.world
