/home/andersoney/algoritmotcc_v1

Criando cenário
argumentos: 5
1.8:1.2
saida_v1
Startando definicoes basicas.
Raio: 20.4939
Number exp: 9
Number Robot: 280
automatic_280_9.world
Startando stage
Stage 4.3.0 [GUI disabled]
 [Loading saida_v1/worlds/automatic_280_9.world][Include map.inc][Include sick.inc][Include pioneer.inc]./testar.sh: line 38: 373076 Segmentation fault      (core dumped) stage $GUI ${var}/worlds/automatic_${num_robot}_${exp}.world
/home/andersoney/algoritmotcc_v1

Criando cenário
argumentos: 5
1.8:1.2
saida_v1
Startando definicoes basicas.
Raio: 20.4939
Number exp: 9
Number Robot: 280
automatic_280_9.world
Startando stage
Stage 4.3.0 [GUI disabled]
 [Loading saida_v1/worlds/automatic_280_9.world][Include map.inc][Include sick.inc][Include pioneer.inc]./testar.sh: line 38: 871325 Segmentation fault      (core dumped) stage $GUI ${var}/worlds/automatic_${num_robot}_${exp}.world
