/home/andersoney/algoritmotcc_v1

Criando cenário
argumentos: 5
1.8:1.2
saida_v1
Startando definicoes basicas.
Raio: 10.9545
Number exp: 20
Number Robot: 80
automatic_80_20.world
Startando stage
Stage 4.3.0 [GUI disabled]
 [Loading saida_v1/worlds/automatic_80_20.world][Include map.inc][Include sick.inc][Include pioneer.inc]/home/andersoney/algoritmotcc_v1

Criando cenário
argumentos: 5
1.8:1.2
saida_v1
Startando definicoes basicas.
Raio: 10.9545
Number exp: 20
Number Robot: 80
automatic_80_20.world
Startando stage
Stage 4.3.0 [GUI disabled]
 [Loading saida_v1/worlds/automatic_80_20.world][Include map.inc][Include sick.inc][Include pioneer.inc]
saida_v1/nRobots80/logs_20
