/home/andersoney/algoritmotcc

Criando cenário
argumentos: 4
Startando definicoes basicas.
Raio: 15.4919
Number exp: 22
Number Robot: 160
automatic_160_22.world
Startando stage
Stage 4.3.0 [GUI disabled]
 [Loading worlds/automatic_160_22.world][Include map.inc][Include sick.inc][Include pioneer.inc]./testar.sh: line 31: 2286148 Segmentation fault      (core dumped) stage $GUI worlds/automatic_${num_robot}_${exp}.world
/home/andersoney/algoritmotcc

Criando cenário
argumentos: 4
Startando definicoes basicas.
Raio: 15.4919
Number exp: 22
Number Robot: 160
automatic_160_22.world
Startando stage
Stage 4.3.0 [GUI disabled]
 [Loading worlds/automatic_160_22.world][Include map.inc][Include sick.inc][Include pioneer.inc]Terminated
/home/andersoney/algoritmotcc

Criando cenário
argumentos: 4
Startando definicoes basicas.
Raio: 15.4919
Number exp: 22
Number Robot: 160
automatic_160_22.world
Startando stage
Stage 4.3.0 [GUI disabled]
 [Loading worlds/automatic_160_22.world][Include map.inc][Include sick.inc][Include pioneer.inc]
