/home/andersoney/algoritmotcc_v1

Criando cenário
argumentos: 5
1.8:1.2
saida_v1
Startando definicoes basicas.
Raio: 24.4949
Number exp: 2
Number Robot: 400
automatic_400_2.world
Startando stage
Stage 4.3.0 [GUI disabled]
 [Loading saida_v1/worlds/automatic_400_2.world][Include map.inc][Include sick.inc][Include pioneer.inc]./testar.sh: line 38: 737270 Segmentation fault      (core dumped) stage $GUI ${var}/worlds/automatic_${num_robot}_${exp}.world
/home/andersoney/algoritmotcc_v1

Criando cenário
argumentos: 5
1.8:1.2
saida_v1
Startando definicoes basicas.
Raio: 24.4949
Number exp: 2
Number Robot: 400
automatic_400_2.world
Startando stage
Stage 4.3.0 [GUI disabled]
 [Loading saida_v1/worlds/automatic_400_2.world][Include map.inc][Include sick.inc][Include pioneer.inc]