/home/andersoney/algoritmotcc_v1

Criando cenário
argumentos: 5
1.8:1.2
saida_v1
Startando definicoes basicas.
Raio: 24.4949
Number exp: 23
Number Robot: 400
automatic_400_23.world
Startando stage
Stage 4.3.0 [GUI disabled]
 [Loading saida_v1/worlds/automatic_400_23.world][Include map.inc][Include sick.inc][Include pioneer.inc]/home/andersoney/algoritmotcc_v1

Criando cenário
argumentos: 5
1.8:1.2
saida_v1
Startando definicoes basicas.
Raio: 24.4949
Number exp: 23
Number Robot: 400
automatic_400_23.world
Startando stage
Stage 4.3.0 [GUI disabled]
 [Loading saida_v1/worlds/automatic_400_23.world][Include map.inc][Include sick.inc][Include pioneer.inc]