/home/andersoney/algoritmotcc

Criando cenário
argumentos: 5
1.8:1.2
saida_v2
Startando definicoes basicas.
Raio: 9.48683
Number exp: 14
Number Robot: 60
automatic_60_14.world
Startando stage
Stage 4.3.0 [GUI disabled]
 [Loading saida_v2/worlds/automatic_60_14.world][Include map.inc][Include sick.inc][Include pioneer.inc]Terminated
/home/andersoney/algoritmotcc

Criando cenário
argumentos: 5
1.8:1.2
saida_v2
Startando definicoes basicas.
Raio: 9.48683
Number exp: 14
Number Robot: 60
automatic_60_14.world
Startando stage
Stage 4.3.0 [GUI disabled]
 [Loading saida_v2/worlds/automatic_60_14.world][Include map.inc][Include sick.inc][Include pioneer.inc]
saida_v2/nRobots60/logs_14
